Archive member included to satisfy reference by file (symbol)

C:/ST/STM32CubeIDE_1.19.0/STM32CubeIDE/plugins/com.st.stm32cube.ide.mcu.externaltools.gnu-tools-for-stm32.14.3.rel1.win32_1.0.100.202602081740/tools/bin/../lib/gcc/arm-none-eabi/14.3.1/../../../../arm-none-eabi/lib/thumb/v6-m/nofp\libc_nano.a(libc_a-exit.o)
                              C:/ST/STM32CubeIDE_1.19.0/STM32CubeIDE/plugins/com.st.stm32cube.ide.mcu.externaltools.gnu-tools-for-stm32.14.3.rel1.win32_1.0.100.202602081740/tools/bin/../lib/gcc/arm-none-eabi/14.3.1/../../../../arm-none-eabi/lib/thumb/v6-m/nofp/crt0.o (exit)
C:/ST/STM32CubeIDE_1.19.0/STM32CubeIDE/plugins/com.st.stm32cube.ide.mcu.externaltools.gnu-tools-for-stm32.14.3.rel1.win32_1.0.100.202602081740/tools/bin/../lib/gcc/arm-none-eabi/14.3.1/../../../../arm-none-eabi/lib/thumb/v6-m/nofp\libc_nano.a(libc_a-findfp.o)
                              C:/ST/STM32CubeIDE_1.19.0/STM32CubeIDE/plugins/com.st.stm32cube.ide.mcu.externaltools.gnu-tools-for-stm32.14.3.rel1.win32_1.0.100.202602081740/tools/bin/../lib/gcc/arm-none-eabi/14.3.1/../../../../arm-none-eabi/lib/thumb/v6-m/nofp\libc_nano.a(libc_a-exit.o) (__stdio_exit_handler)
C:/ST/STM32CubeIDE_1.19.0/STM32CubeIDE/plugins/com.st.stm32cube.ide.mcu.externaltools.gnu-tools-for-stm32.14.3.rel1.win32_1.0.100.202602081740/tools/bin/../lib/gcc/arm-none-eabi/14.3.1/../../../../arm-none-eabi/lib/thumb/v6-m/nofp\libc_nano.a(libc_a-fwalk.o)
                              C:/ST/STM32CubeIDE_1.19.0/STM32CubeIDE/plugins/com.st.stm32cube.ide.mcu.externaltools.gnu-tools-for-stm32.14.3.rel1.win32_1.0.100.202602081740/tools/bin/../lib/gcc/arm-none-eabi/14.3.1/../../../../arm-none-eabi/lib/thumb/v6-m/nofp\libc_nano.a(libc_a-findfp.o) (_fwalk_sglue)
C:/ST/STM32CubeIDE_1.19.0/STM32CubeIDE/plugins/com.st.stm32cube.ide.mcu.externaltools.gnu-tools-for-stm32.14.3.rel1.win32_1.0.100.202602081740/tools/bin/../lib/gcc/arm-none-eabi/14.3.1/../../../../arm-none-eabi/lib/thumb/v6-m/nofp\libc_nano.a(libc_a-stdio.o)
                              C:/ST/STM32CubeIDE_1.19.0/STM32CubeIDE/plugins/com.st.stm32cube.ide.mcu.externaltools.gnu-tools-for-stm32.14.3.rel1.win32_1.0.100.202602081740/tools/bin/../lib/gcc/arm-none-eabi/14.3.1/../../../../arm-none-eabi/lib/thumb/v6-m/nofp\libc_nano.a(libc_a-findfp.o) (__sread)
C:/ST/STM32CubeIDE_1.19.0/STM32CubeIDE/plugins/com.st.stm32cube.ide.mcu.externaltools.gnu-tools-for-stm32.14.3.rel1.win32_1.0.100.202602081740/tools/bin/../lib/gcc/arm-none-eabi/14.3.1/../../../../arm-none-eabi/lib/thumb/v6-m/nofp\libc_nano.a(libc_a-memset.o)
                              C:/ST/STM32CubeIDE_1.19.0/STM32CubeIDE/plugins/com.st.stm32cube.ide.mcu.externaltools.gnu-tools-for-stm32.14.3.rel1.win32_1.0.100.202602081740/tools/bin/../lib/gcc/arm-none-eabi/14.3.1/../../../../arm-none-eabi/lib/thumb/v6-m/nofp/crt0.o (memset)
C:/ST/STM32CubeIDE_1.19.0/STM32CubeIDE/plugins/com.st.stm32cube.ide.mcu.externaltools.gnu-tools-for-stm32.14.3.rel1.win32_1.0.100.202602081740/tools/bin/../lib/gcc/arm-none-eabi/14.3.1/../../../../arm-none-eabi/lib/thumb/v6-m/nofp\libc_nano.a(libc_a-closer.o)
                              C:/ST/STM32CubeIDE_1.19.0/STM32CubeIDE/plugins/com.st.stm32cube.ide.mcu.externaltools.gnu-tools-for-stm32.14.3.rel1.win32_1.0.100.202602081740/tools/bin/../lib/gcc/arm-none-eabi/14.3.1/../../../../arm-none-eabi/lib/thumb/v6-m/nofp\libc_nano.a(libc_a-stdio.o) (_close_r)
C:/ST/STM32CubeIDE_1.19.0/STM32CubeIDE/plugins/com.st.stm32cube.ide.mcu.externaltools.gnu-tools-for-stm32.14.3.rel1.win32_1.0.100.202602081740/tools/bin/../lib/gcc/arm-none-eabi/14.3.1/../../../../arm-none-eabi/lib/thumb/v6-m/nofp\libc_nano.a(libc_a-reent.o)
                              C:/ST/STM32CubeIDE_1.19.0/STM32CubeIDE/plugins/com.st.stm32cube.ide.mcu.externaltools.gnu-tools-for-stm32.14.3.rel1.win32_1.0.100.202602081740/tools/bin/../lib/gcc/arm-none-eabi/14.3.1/../../../../arm-none-eabi/lib/thumb/v6-m/nofp\libc_nano.a(libc_a-closer.o) (errno)
C:/ST/STM32CubeIDE_1.19.0/STM32CubeIDE/plugins/com.st.stm32cube.ide.mcu.externaltools.gnu-tools-for-stm32.14.3.rel1.win32_1.0.100.202602081740/tools/bin/../lib/gcc/arm-none-eabi/14.3.1/../../../../arm-none-eabi/lib/thumb/v6-m/nofp\libc_nano.a(libc_a-impure.o)
                              C:/ST/STM32CubeIDE_1.19.0/STM32CubeIDE/plugins/com.st.stm32cube.ide.mcu.externaltools.gnu-tools-for-stm32.14.3.rel1.win32_1.0.100.202602081740/tools/bin/../lib/gcc/arm-none-eabi/14.3.1/../../../../arm-none-eabi/lib/thumb/v6-m/nofp\libc_nano.a(libc_a-reent.o) (_impure_ptr)
C:/ST/STM32CubeIDE_1.19.0/STM32CubeIDE/plugins/com.st.stm32cube.ide.mcu.externaltools.gnu-tools-for-stm32.14.3.rel1.win32_1.0.100.202602081740/tools/bin/../lib/gcc/arm-none-eabi/14.3.1/../../../../arm-none-eabi/lib/thumb/v6-m/nofp\libc_nano.a(libc_a-lseekr.o)
[...]
Memory Configuration

Name             Origin             Length             Attributes
RAM              0x20000000         0x00024000         xrw
FLASH            0x08000000         0x00020000         xr
*default*        0x00000000         0xffffffff

Linker script and memory map

LOAD C:/ST/STM32CubeIDE_1.19.0/STM32CubeIDE/plugins/com.st.stm32cube.ide.mcu.externaltools.gnu-tools-for-stm32.14.3.rel1.win32_1.0.100.202602081740/tools/bin/../lib/gcc/arm-none-eabi/14.3.1/thumb/v6-m/nofp/crti.o
LOAD C:/ST/STM32CubeIDE_1.19.0/STM32CubeIDE/plugins/com.st.stm32cube.ide.mcu.externaltools.gnu-tools-for-stm32.14.3.rel1.win32_1.0.100.202602081740/tools/bin/../lib/gcc/arm-none-eabi/14.3.1/thumb/v6-m/nofp/crtbegin.o
LOAD C:/ST/STM32CubeIDE_1.19.0/STM32CubeIDE/plugins/com.st.stm32cube.ide.mcu.externaltools.gnu-tools-for-stm32.14.3.rel1.win32_1.0.100.202602081740/tools/bin/../lib/gcc/arm-none-eabi/14.3.1/../../../../arm-none-eabi/lib/thumb/v6-m/nofp/crt0.o
LOAD ./Inc/HAL_STM32F103C6T6/Midleware/button.o
LOAD ./Inc/HAL_STM32F103C6T6/ST/f103/system_stm32f1xx.o
LOAD ./Inc/HAL_STM32F103C6T6/ST/g0/system_stm32g0xx.o
LOAD ./Inc/HAL_STM32F103C6T6/src/ll/f103/adc_f103.o
LOAD ./Inc/HAL_STM32F103C6T6/src/ll/f103/dma_f103.o
LOAD ./Inc/HAL_STM32F103C6T6/src/ll/f103/exti_f103.o
LOAD ./Inc/HAL_STM32F103C6T6/src/ll/f103/flash_ll_f103.o
LOAD ./Inc/HAL_STM32F103C6T6/src/ll/f103/gpio_f103.o
LOAD ./Inc/HAL_STM32F103C6T6/src/ll/f103/i2c_f103.o
LOAD ./Inc/HAL_STM32F103C6T6/src/ll/f103/pwm_f103.o
LOAD ./Inc/HAL_STM32F103C6T6/src/ll/f103/spi_f103.o
LOAD ./Inc/HAL_STM32F103C6T6/src/ll/f103/tim_f103.o
LOAD ./Inc/HAL_STM32F103C6T6/src/ll/f103/usart_f103.o
LOAD ./Inc/HAL_STM32F103C6T6/src/ll/g0/adc_g0.o
LOAD ./Inc/HAL_STM32F103C6T6/src/ll/g0/dma_g0.o
LOAD ./Inc/HAL_STM32F103C6T6/src/ll/g0/gpio_g0.o
LOAD ./Inc/HAL_STM32F103C6T6/src/ll/g0/i2c_g0.o
LOAD ./Inc/HAL_STM32F103C6T6/src/ll/g0/pwm_g0.o
LOAD ./Inc/HAL_STM32F103C6T6/src/ll/g0/tim_g0.o
LOAD ./Inc/HAL_STM32F103C6T6/src/ll/g0/usart_g0.o
LOAD ./Inc/HAL_STM32F103C6T6/src/modbus.o
LOAD ./Inc/HAL_STM32F103C6T6/src/nvstore.o
LOAD ./Inc/HAL_STM32F103C6T6/src/soft_i2c.o
LOAD ./Inc/HAL_STM32F103C6T6/src/soft_uart.o
LOAD ./Inc/HAL_STM32F103C6T6/src/utilities.o
LOAD ./Src/activities.o
LOAD ./Src/config.o
LOAD ./Src/main.o
LOAD ./Src/protocol.o
LOAD ./Src/syscalls.o
LOAD ./Src/sysmem.o
LOAD ./Startup/startup_stm32g0b1cbtx.o
START GROUP
LOAD C:/ST/STM32CubeIDE_1.19.0/STM32CubeIDE/plugins/com.st.stm32cube.ide.mcu.externaltools.gnu-tools-for-stm32.14.3.rel1.win32_1.0.100.202602081740/tools/bin/../lib/gcc/arm-none-eabi/14.3.1/../../../../arm-none-eabi/lib/thumb/v6-m/nofp\libc_nano.a
LOAD C:/ST/STM32CubeIDE_1.19.0/STM32CubeIDE/plugins/com.st.stm32cube.ide.mcu.externaltools.gnu-tools-for-stm32.14.3.rel1.win32_1.0.100.202602081740/tools/bin/../lib/gcc/arm-none-eabi/14.3.1/../../../../arm-none-eabi/lib/thumb/v6-m/nofp\libm.a
END GROUP
START GROUP
LOAD C:/ST/STM32CubeIDE_1.19.0/STM32CubeIDE/plugins/com.st.stm32cube.ide.mcu.externaltools.gnu-tools-for-stm32.14.3.rel1.win32_1.0.100.202602081740/tools/bin/../lib/gcc/arm-none-eabi/14.3.1/thumb/v6-m/nofp\libgcc.a
LOAD C:/ST/STM32CubeIDE_1.19.0/STM32CubeIDE/plugins/com.st.stm32cube.ide.mcu.externaltools.gnu-tools-for-stm32.14.3.rel1.win32_1.0.100.202602081740/tools/bin/../lib/gcc/arm-none-eabi/14.3.1/../../../../arm-none-eabi/lib/thumb/v6-m/nofp\libc_nano.a
END GROUP
START GROUP
LOAD C:/ST/STM32CubeIDE_1.19.0/STM32CubeIDE/plugins/com.st.stm32cube.ide.mcu.externaltools.gnu-tools-for-stm32.14.3.rel1.win32_1.0.100.202602081740/tools/bin/../lib/gcc/arm-none-eabi/14.3.1/thumb/v6-m/nofp\libgcc.a
LOAD C:/ST/STM32CubeIDE_1.19.0/STM32CubeIDE/plugins/com.st.stm32cube.ide.mcu.externaltools.gnu-tools-for-stm32.14.3.rel1.win32_1.0.100.202602081740/tools/bin/../lib/gcc/arm-none-eabi/14.3.1/../../../../arm-none-eabi/lib/thumb/v6-m/nofp\libc_nano.a
LOAD C:/ST/STM32CubeIDE_1.19.0/STM32CubeIDE/plugins/com.st.stm32cube.ide.mcu.externaltools.gnu-tools-for-stm32.14.3.rel1.win32_1.0.100.202602081740/tools/bin/../lib/gcc/arm-none-eabi/14.3.1/../../../../arm-none-eabi/lib/thumb/v6-m/nofp\libnosys.a
END GROUP
START GROUP
LOAD C:/ST/STM32CubeIDE_1.19.0/STM32CubeIDE/plugins/com.st.stm32cube.ide.mcu.externaltools.gnu-tools-for-stm32.14.3.rel1.win32_1.0.100.202602081740/tools/bin/../lib/gcc/arm-none-eabi/14.3.1/thumb/v6-m/nofp\libgcc.a
LOAD C:/ST/STM32CubeIDE_1.19.0/STM32CubeIDE/plugins/com.st.stm32cube.ide.mcu.externaltools.gnu-tools-for-stm32.14.3.rel1.win32_1.0.100.202602081740/tools/bin/../lib/gcc/arm-none-eabi/14.3.1/../../../../arm-none-eabi/lib/thumb/v6-m/nofp\libc_nano.a
LOAD C:/ST/STM32CubeIDE_1.19.0/STM32CubeIDE/plugins/com.st.stm32cube.ide.mcu.externaltools.gnu-tools-for-stm32.14.3.rel1.win32_1.0.100.202602081740/tools/bin/../lib/gcc/arm-none-eabi/14.3.1/../../../../arm-none-eabi/lib/thumb/v6-m/nofp\libnosys.a
END GROUP
LOAD C:/ST/STM32CubeIDE_1.19.0/STM32CubeIDE/plugins/com.st.stm32cube.ide.mcu.externaltools.gnu-tools-for-stm32.14.3.rel1.win32_1.0.100.202602081740/tools/bin/../lib/gcc/arm-none-eabi/14.3.1/thumb/v6-m/nofp/crtend.o
LOAD C:/ST/STM32CubeIDE_1.19.0/STM32CubeIDE/plugins/com.st.stm32cube.ide.mcu.externaltools.gnu-tools-for-stm32.14.3.rel1.win32_1.0.100.202602081740/tools/bin/../lib/gcc/arm-none-eabi/14.3.1/thumb/v6-m/nofp/crtn.o
                0x20024000                        _estack = (ORIGIN (RAM) + LENGTH (RAM))
                0x00000200                        _Min_Heap_Size = 0x200
                0x00000400                        _Min_Stack_Size = 0x400

.isr_vector     0x08000000       0xbc
                0x08000000                        . = ALIGN (0x4)
 *(.isr_vector)
 .isr_vector    0x08000000       0xbc ./Startup/startup_stm32g0b1cbtx.o
                0x08000000                g_pfnVectors
                0x080000bc                        . = ALIGN (0x4)

.text           0x080000bc     0x3cfc
                0x080000bc                        . = ALIGN (0x4)
 *(.text)
 .text          0x080000bc       0x48 C:/ST/STM32CubeIDE_1.19.0/STM32CubeIDE/plugins/com.st.stm32cube.ide.mcu.externaltools.gnu-tools-for-stm32.14.3.rel1.win32_1.0.100.202602081740/tools/bin/../lib/gcc/arm-none-eabi/14.3.1/thumb/v6-m/nofp/crtbegin.o
 .text          0x08000104      0x114 C:/ST/STM32CubeIDE_1.19.0/STM32CubeIDE/plugins/com.st.stm32cube.ide.mcu.externaltools.gnu-tools-for-stm32.14.3.rel1.win32_1.0.100.202602081740/tools/bin/../lib/gcc/arm-none-eabi/14.3.1/thumb/v6-m/nofp\libgcc.a(_udivsi3.o)
                0x08000104                __aeabi_uidiv
                0x08000104                __udivsi3
                0x08000210                __aeabi_uidivmod
 .text          0x08000218      0x1d4 C:/ST/STM32CubeIDE_1.19.0/STM32CubeIDE/plugins/com.st.stm32cube.ide.mcu.externaltools.gnu-tools-for-stm32.14.3.rel1.win32_1.0.100.202602081740/tools/bin/../lib/gcc/arm-none-eabi/14.3.1/thumb/v6-m/nofp\libgcc.a(_divsi3.o)
                0x08000218                __divsi3
                0x08000218                __aeabi_idiv
                0x080003e4                __aeabi_idivmod
 .text          0x080003ec        0x4 C:/ST/STM32CubeIDE_1.19.0/STM32CubeIDE/plugins/com.st.stm32cube.ide.mcu.externaltools.gnu-tools-for-stm32.14.3.rel1.win32_1.0.100.202602081740/tools/bin/../lib/gcc/arm-none-eabi/14.3.1/thumb/v6-m/nofp\libgcc.a(_dvmd_tls.o)
                0x080003ec                __aeabi_idiv0
                0x080003ec                __aeabi_ldiv0
 .text          0x080003f0       0x74 C:/ST/STM32CubeIDE_1.19.0/STM32CubeIDE/plugins/com.st.stm32cube.ide.mcu.externaltools.gnu-tools-for-stm32.14.3.rel1.win32_1.0.100.202602081740/tools/bin/../lib/gcc/arm-none-eabi/14.3.1/thumb/v6-m/nofp\libgcc.a(_arm_cmpsf2.o)
                0x080003f0                __aeabi_cfrcmple
                0x080003f8                __aeabi_cfcmpeq
                0x080003f8                __aeabi_cfcmple
                0x08000408                __aeabi_fcmpeq
                0x08000414                __aeabi_fcmplt
                0x08000428                __aeabi_fcmple
                0x0800043c                __aeabi_fcmpgt
                0x08000450                __aeabi_fcmpge
 .text          0x08000464       0x30 C:/ST/STM32CubeIDE_1.19.0/STM32CubeIDE/plugins/com.st.stm32cube.ide.mcu.externaltools.gnu-tools-for-stm32.14.3.rel1.win32_1.0.100.202602081740/tools/bin/../lib/gcc/arm-none-eabi/14.3.1/thumb/v6-m/nofp\libgcc.a(_fixunssfsi.o)
                0x08000464                __fixunssfsi
                0x08000464                __aeabi_f2uiz
 .text          0x08000494      0x22c C:/ST/STM32CubeIDE_1.19.0/STM32CubeIDE/plugins/com.st.stm32cube.ide.mcu.externaltools.gnu-tools-for-stm32.14.3.rel1.win32_1.0.100.202602081740/tools/bin/../lib/gcc/arm-none-eabi/14.3.1/thumb/v6-m/nofp\libgcc.a(divsf3.o)
                0x08000494                __aeabi_fdiv
 .text          0x080006c0       0x50 C:/ST/STM32CubeIDE_1.19.0/STM32CubeIDE/plugins/com.st.stm32cube.ide.mcu.externaltools.gnu-tools-for-stm32.14.3.rel1.win32_1.0.100.202602081740/tools/bin/../lib/gcc/arm-none-eabi/14.3.1/thumb/v6-m/nofp\libgcc.a(eqsf2.o)
                0x080006c0                __eqsf2
                0x080006c0                __nesf2
 .text          0x08000710       0x90 C:/ST/STM32CubeIDE_1.19.0/STM32CubeIDE/plugins/com.st.stm32cube.ide.mcu.externaltools.gnu-tools-for-stm32.14.3.rel1.win32_1.0.100.202602081740/tools/bin/../lib/gcc/arm-none-eabi/14.3.1/thumb/v6-m/nofp\libgcc.a(gesf2.o)
                0x08000710                __gesf2
                0x08000710                __gtsf2
 .text          0x080007a0       0x90 C:/ST/STM32CubeIDE_1.19.0/STM32CubeIDE/plugins/com.st.stm32cube.ide.mcu.externaltools.gnu-tools-for-stm32.14.3.rel1.win32_1.0.100.202602081740/tools/bin/../lib/gcc/arm-none-eabi/14.3.1/thumb/v6-m/nofp\libgcc.a(lesf2.o)
                0x080007a0                __ltsf2
                0x080007a0                __lesf2
 .text          0x08000830      0x2a4 C:/ST/STM32CubeIDE_1.19.0/STM32CubeIDE/plugins/com.st.stm32cube.ide.mcu.externaltools.gnu-tools-for-stm32.14.3.rel1.win32_1.0.100.202602081740/tools/bin/../lib/gcc/arm-none-eabi/14.3.1/thumb/v6-m/nofp\libgcc.a(mulsf3.o)
                0x08000830                __aeabi_fmul
 .text          0x08000ad4      0x484 C:/ST/STM32CubeIDE_1.19.0/STM32CubeIDE/plugins/com.st.stm32cube.ide.mcu.externaltools.gnu-tools-for-stm32.14.3.rel1.win32_1.0.100.202602081740/tools/bin/../lib/gcc/arm-none-eabi/14.3.1/thumb/v6-m/nofp\libgcc.a(subsf3.o)
                0x08000ad4                __aeabi_fsub
 .text          0x08000f58       0x40 C:/ST/STM32CubeIDE_1.19.0/STM32CubeIDE/plugins/com.st.stm32cube.ide.mcu.externaltools.gnu-tools-for-stm32.14.3.rel1.win32_1.0.100.202602081740/tools/bin/../lib/gcc/arm-none-eabi/14.3.1/thumb/v6-m/nofp\libgcc.a(fixsfsi.o)
                0x08000f58                __aeabi_f2iz
 .text          0x08000f98       0x8c C:/ST/STM32CubeIDE_1.19.0/STM32CubeIDE/plugins/com.st.stm32cube.ide.mcu.externaltools.gnu-tools-for-stm32.14.3.rel1.win32_1.0.100.202602081740/tools/bin/../lib/gcc/arm-none-eabi/14.3.1/thumb/v6-m/nofp\libgcc.a(floatunsisf.o)
                0x08000f98                __aeabi_ui2f
 .text          0x08001024       0x3c C:/ST/STM32CubeIDE_1.19.0/STM32CubeIDE/plugins/com.st.stm32cube.ide.mcu.externaltools.gnu-tools-for-stm32.14.3.rel1.win32_1.0.100.202602081740/tools/bin/../lib/gcc/arm-none-eabi/14.3.1/thumb/v6-m/nofp\libgcc.a(_clzsi2.o)
                0x08001024                __clzsi2
 *(.text*)
 .text.SystemInit
                0x08001060        0xa ./Inc/HAL_STM32F103C6T6/ST/g0/system_stm32g0xx.o
                0x08001060                SystemInit
 *fill*         0x0800106a        0x2 
 .text.getChannelNumber
                0x0800106c       0x5c ./Inc/HAL_STM32F103C6T6/src/ll/g0/adc_g0.o
                0x0800106c                getChannelNumber
 .text.ADC_WaitReady
                0x080010c8       0x20 ./Inc/HAL_STM32F103C6T6/src/ll/g0/adc_g0.o
 .text.ADC_DisableIfEnabled
                0x080010e8       0x34 ./Inc/HAL_STM32F103C6T6/src/ll/g0/adc_g0.o
 .text.ADC_InitMulti
                0x0800111c      0x234 ./Inc/HAL_STM32F103C6T6/src/ll/g0/adc_g0.o
                0x0800111c                ADC_InitMulti
 .text.ADC_Start
                0x08001350       0x28 ./Inc/HAL_STM32F103C6T6/src/ll/g0/adc_g0.o
                0x08001350                ADC_Start
 .text.DMA_GetChannelIndex
                0x08001378       0xb4 ./Inc/HAL_STM32F103C6T6/src/ll/g0/dma_g0.o
 .text.DMA_SetRequest
                0x0800142c       0x94 ./Inc/HAL_STM32F103C6T6/src/ll/g0/dma_g0.o
 .text.DMA_ClearFlags
                0x080014c0       0x40 ./Inc/HAL_STM32F103C6T6/src/ll/g0/dma_g0.o
 .text.DMA_Init
                0x08001500       0x9c ./Inc/HAL_STM32F103C6T6/src/ll/g0/dma_g0.o
                0x08001500                DMA_Init
 .text.GPIO_ClockEnable
                0x0800159c       0xc8 ./Inc/HAL_STM32F103C6T6/src/ll/g0/gpio_g0.o
 .text.GPIO_PinMode
                0x08001664      0x158 ./Inc/HAL_STM32F103C6T6/src/ll/g0/gpio_g0.o
                0x08001664                GPIO_PinMode
 .text.GPIO_DigitalWrite
                0x080017bc       0x4c ./Inc/HAL_STM32F103C6T6/src/ll/g0/gpio_g0.o
                0x080017bc                GPIO_DigitalWrite
 .text.I2C_WaitWhile
                0x08001808       0x3c ./Inc/HAL_STM32F103C6T6/src/ll/g0/i2c_g0.o
 .text.I2C_WaitUntilAny
                0x08001844       0x44 ./Inc/HAL_STM32F103C6T6/src/ll/g0/i2c_g0.o
 .text.I2C_ClearFlags
                0x08001888       0x1c ./Inc/HAL_STM32F103C6T6/src/ll/g0/i2c_g0.o
 .text.I2C_CheckError
                0x080018a4       0x30 ./Inc/HAL_STM32F103C6T6/src/ll/g0/i2c_g0.o
 .text.I2C_DelaySmall
                0x080018d4       0x28 ./Inc/HAL_STM32F103C6T6/src/ll/g0/i2c_g0.o
 .text.I2C_BusRecover
                0x080018fc      0x136 ./Inc/HAL_STM32F103C6T6/src/ll/g0/i2c_g0.o
 .text.I2C_GPIO_AF_Init
                0x08001a32       0x96 ./Inc/HAL_STM32F103C6T6/src/ll/g0/i2c_g0.o
 .text.I2C_EnableClockAndReset
                0x08001ac8       0x4c ./Inc/HAL_STM32F103C6T6/src/ll/g0/i2c_g0.o
 .text.I2C_Init
                0x08001b14       0x90 ./Inc/HAL_STM32F103C6T6/src/ll/g0/i2c_g0.o
                0x08001b14                I2C_Init
 .text.I2C_WaitStop
                0x08001ba4       0x4e ./Inc/HAL_STM32F103C6T6/src/ll/g0/i2c_g0.o
 *fill*         0x08001bf2        0x2 
 .text.I2C_WriteRaw
                0x08001bf4      0x110 ./Inc/HAL_STM32F103C6T6/src/ll/g0/i2c_g0.o
 .text.I2C_ReadRaw
                0x08001d04      0x110 ./Inc/HAL_STM32F103C6T6/src/ll/g0/i2c_g0.o
 .text.I2C_WriteRegNoStop
                0x08001e14       0xd2 ./Inc/HAL_STM32F103C6T6/src/ll/g0/i2c_g0.o
 *fill*         0x08001ee6        0x2 
 .text.I2C_WriteByteArray
                0x08001ee8       0xe0 ./Inc/HAL_STM32F103C6T6/src/ll/g0/i2c_g0.o
                0x08001ee8                I2C_WriteByteArray
 .text.I2C_Read_Burst
                0x08001fc8      0x134 ./Inc/HAL_STM32F103C6T6/src/ll/g0/i2c_g0.o
                0x08001fc8                I2C_Read_Burst
 .text.PWM_TimerClockEnable
                0x080020fc       0x74 ./Inc/HAL_STM32F103C6T6/src/ll/g0/pwm_g0.o
 .text.PWM_Init
                0x08002170      0x138 ./Inc/HAL_STM32F103C6T6/src/ll/g0/pwm_g0.o
                0x08002170                PWM_Init
 .text.PWM_Write
                0x080022a8       0xac ./Inc/HAL_STM32F103C6T6/src/ll/g0/pwm_g0.o
                0x080022a8                PWM_Write
 .text.TIM_GetChannel
                0x08002354       0xcc ./Inc/HAL_STM32F103C6T6/src/ll/g0/pwm_g0.o
                0x08002354                TIM_GetChannel
 .text.__NVIC_EnableIRQ
                0x08002420       0x34 ./Inc/HAL_STM32F103C6T6/src/ll/g0/tim_g0.o
 .text.__NVIC_SetPriority
                0x08002454       0xdc ./Inc/HAL_STM32F103C6T6/src/ll/g0/tim_g0.o
 .text.SysTick_Config
                0x08002530       0x48 ./Inc/HAL_STM32F103C6T6/src/ll/g0/tim_g0.o
 .text.SysTick_Init
                0x08002578       0x34 ./Inc/HAL_STM32F103C6T6/src/ll/g0/tim_g0.o
                0x08002578                SysTick_Init
 .text.millis   0x080025ac       0x14 ./Inc/HAL_STM32F103C6T6/src/ll/g0/tim_g0.o
                0x080025ac                millis
 .text.SysTick_Handler
                0x080025c0       0x18 ./Inc/HAL_STM32F103C6T6/src/ll/g0/tim_g0.o
                0x080025c0                SysTick_Handler
 .text.SysTick_Delay
                0x080025d8       0x2e ./Inc/HAL_STM32F103C6T6/src/ll/g0/tim_g0.o
                0x080025d8                SysTick_Delay
 *fill*         0x08002606        0x2 
 .text.TIM_Init
                0x08002608       0xf8 ./Inc/HAL_STM32F103C6T6/src/ll/g0/tim_g0.o
                0x08002608                TIM_Init
 .text.RCC_GetSysclk_Hz
                0x08002700       0xc8 ./Inc/HAL_STM32F103C6T6/src/ll/g0/tim_g0.o
                0x08002700                RCC_GetSysclk_Hz
 .text.RCC_GetHclk_Hz
                0x080027c8       0x38 ./Inc/HAL_STM32F103C6T6/src/ll/g0/tim_g0.o
                0x080027c8                RCC_GetHclk_Hz
 .text.RCC_GetPclk1_Hz
                0x08002800       0x38 ./Inc/HAL_STM32F103C6T6/src/ll/g0/tim_g0.o
                0x08002800                RCC_GetPclk1_Hz
 .text.__NVIC_EnableIRQ
                0x08002838       0x34 ./Inc/HAL_STM32F103C6T6/src/ll/g0/usart_g0.o
 .text.USART_Init
                0x0800286c      0x20c ./Inc/HAL_STM32F103C6T6/src/ll/g0/usart_g0.o
                0x0800286c                USART_Init
 .text.USART_Available
                0x08002a78       0x4c ./Inc/HAL_STM32F103C6T6/src/ll/g0/usart_g0.o
                0x08002a78                USART_Available
 .text.USART_WriteByte
                0x08002ac4       0xa4 ./Inc/HAL_STM32F103C6T6/src/ll/g0/usart_g0.o
                0x08002ac4                USART_WriteByte
 .text.USART_ReadByte
                0x08002b68       0x9c ./Inc/HAL_STM32F103C6T6/src/ll/g0/usart_g0.o
                0x08002b68                USART_ReadByte
 .text.USART_Index
                0x08002c04       0x24 ./Inc/HAL_STM32F103C6T6/src/ll/g0/usart_g0.o
                0x08002c04                USART_Index
 .text.USART_RXHandler_Default
                0x08002c28       0x90 ./Inc/HAL_STM32F103C6T6/src/ll/g0/usart_g0.o
 .text.USART_TXHandler_Default
                0x08002cb8       0x10 ./Inc/HAL_STM32F103C6T6/src/ll/g0/usart_g0.o
 .text.USART1_IRQHandler
                0x08002cc8       0x18 ./Inc/HAL_STM32F103C6T6/src/ll/g0/usart_g0.o
                0x08002cc8                USART1_IRQHandler
 .text.USART2_LPUART2_IRQHandler
                0x08002ce0       0x18 ./Inc/HAL_STM32F103C6T6/src/ll/g0/usart_g0.o
                0x08002ce0                USART2_LPUART2_IRQHandler
 .text.USART_IRQHandler_Shared
                0x08002cf8      0x13c ./Inc/HAL_STM32F103C6T6/src/ll/g0/usart_g0.o
                0x08002cf8                USART_IRQHandler_Shared
 .text.USART_BrrCalc
                0x08002e34       0x50 ./Inc/HAL_STM32F103C6T6/src/ll/g0/usart_g0.o
                0x08002e34                USART_BrrCalc
 .text.WaitFlagSet
                0x08002e84       0x38 ./Src/activities.o
                0x08002e84                WaitFlagSet
 .text.SHT40_Read
                0x08002ebc      0x124 ./Src/activities.o
                0x08002ebc                SHT40_Read
 .text.RTC_Init_LSI_Once
                0x08002fe0      0x138 ./Src/activities.o
                0x08002fe0                RTC_Init_LSI_Once
 .text.PUMP_Off
                0x08003118       0x1c ./Src/activities.o
                0x08003118                PUMP_Off
 .text.PUMP_Run
                0x08003134       0x54 ./Src/activities.o
                0x08003134                PUMP_Run
 .text.COOLER_Off
                0x08003188       0x1c ./Src/activities.o
                0x08003188                COOLER_Off
 .text.COOLER_Run
                0x080031a4       0x54 ./Src/activities.o
                0x080031a4                COOLER_Run
 .text.GREENHOUSE_Init
                0x080031f8      0x138 ./Src/activities.o
                0x080031f8                GREENHOUSE_Init
 .text.GREENHOUSE_Off
                0x08003330       0x28 ./Src/activities.o
                0x08003330                GREENHOUSE_Off
 .text.GREENHOUSE_ReadState
                0x08003358       0x48 ./Src/activities.o
                0x08003358                GREENHOUSE_ReadState
 .text.GREENHOUSE_Watering
                0x080033a0       0x98 ./Src/activities.o
                0x080033a0                GREENHOUSE_Watering
 .text.GREENHOUSE_Cooling
                0x08003438      0x154 ./Src/activities.o
                0x08003438                GREENHOUSE_Cooling
 .text.GREENHOUSE_PeripheryOn
                0x0800358c        0xa ./Src/activities.o
                0x0800358c                GREENHOUSE_PeripheryOn
 .text.GREENHOUSE_PeripheryOff
                0x08003596        0xa ./Src/activities.o
                0x08003596                GREENHOUSE_PeripheryOff
 .text.GREENHOUSE_Task
                0x080035a0       0x70 ./Src/activities.o
                0x080035a0                GREENHOUSE_Task
 .text.Radio_HandlePacket
                0x08003610      0x154 ./Src/activities.o
                0x08003610                Radio_HandlePacket
 .text.Radio_Task
                0x08003764       0x50 ./Src/activities.o
                0x08003764                Radio_Task
 .text.GREENHOUSE_SendStatus
                0x080037b4       0xd4 ./Src/config.o
                0x080037b4                GREENHOUSE_SendStatus
 .text.main     0x08003888       0x34 ./Src/main.o
                0x08003888                main
 .text.Radio_CRC16
                0x080038bc       0xb4 ./Src/protocol.o
                0x080038bc                Radio_CRC16
 .text.RadioParser_Init
                0x08003970       0x26 ./Src/protocol.o
                0x08003970                RadioParser_Init
 *fill*         0x08003996        0x2 
 .text.RadioParser_FeedByte
                0x08003998      0x1c8 ./Src/protocol.o
                0x08003998                RadioParser_FeedByte
 .text.Radio_Init
                0x08003b60       0x18 ./Src/protocol.o
                0x08003b60                Radio_Init
 .text.Radio_SendPacket
                0x08003b78      0x168 ./Src/protocol.o
                0x08003b78                Radio_SendPacket
 .text.Reset_Handler
                0x08003ce0       0x50 ./Startup/startup_stm32g0b1cbtx.o
                0x08003ce0                Reset_Handler
 .text.Default_Handler
                0x08003d30        0x2 ./Startup/startup_stm32g0b1cbtx.o
                0x08003d30                TIM1_CC_IRQHandler
                0x08003d30                HardFault_Handler
                0x08003d30                PVD_IRQHandler
                0x08003d30                PendSV_Handler
                0x08003d30                NMI_Handler
                0x08003d30                I2C1_IRQHandler
                0x08003d30                DMA1_Channel4_5_6_7_DMAMUX_DMA2_Channel1_2_3_4_5_IRQHandler
                0x08003d30                RCC_CRS_IRQHandler
                0x08003d30                RTC_TAMP_IRQHandler
                0x08003d30                SPI1_IRQHandler
                0x08003d30                EXTI2_3_IRQHandler
                0x08003d30                TIM17_IRQHandler
                0x08003d30                TIM16_IRQHandler
                0x08003d30                EXTI4_15_IRQHandler
                0x08003d30                DMA1_Channel1_IRQHandler
                0x08003d30                Default_Handler
                0x08003d30                CEC_IRQHandler
                0x08003d30                TIM14_IRQHandler
                0x08003d30                TIM7_IRQHandler
                0x08003d30                TIM15_IRQHandler
                0x08003d30                TIM3_TIM4_IRQHandler
                0x08003d30                EXTI0_1_IRQHandler
                0x08003d30                I2C2_I2C3_IRQHandler
                0x08003d30                SVC_Handler
                0x08003d30                TIM6_DAC_LPTIM1_IRQHandler
                0x08003d30                WWDG_IRQHandler
                0x08003d30                SPI2_SPI3_IRQHandler
                0x08003d30                TIM2_IRQHandler
                0x08003d30                DMA1_Channel2_3_IRQHandler
                0x08003d30                ADC_COMP_IRQHandler
                0x08003d30                USART3_USART4_USART5_USART6_LPUART1_IRQHandler
                0x08003d30                FLASH_IRQHandler
                0x08003d30                TIM1_BRK_UP_TRG_COM_IRQHandler
                0x08003d30                UCPD1_UCPD2_USB_IRQHandler
 .text.memset   0x08003d32       0x10 C:/ST/STM32CubeIDE_1.19.0/STM32CubeIDE/plugins/com.st.stm32cube.ide.mcu.externaltools.gnu-tools-for-stm32.14.3.rel1.win32_1.0.100.202602081740/tools/bin/../lib/gcc/arm-none-eabi/14.3.1/../../../../arm-none-eabi/lib/thumb/v6-m/nofp\libc_nano.a(libc_a-memset.o)
                0x08003d32                memset
 *fill*         0x08003d42        0x2 
 .text.__libc_init_array
                0x08003d44       0x48 C:/ST/STM32CubeIDE_1.19.0/STM32CubeIDE/plugins/com.st.stm32cube.ide.mcu.externaltools.gnu-tools-for-stm32.14.3.rel1.win32_1.0.100.202602081740/tools/bin/../lib/gcc/arm-none-eabi/14.3.1/../../../../arm-none-eabi/lib/thumb/v6-m/nofp\libc_nano.a(libc_a-init.o)
                0x08003d44                __libc_init_array
 .text.memcpy   0x08003d8c       0x12 C:/ST/STM32CubeIDE_1.19.0/STM32CubeIDE/plugins/com.st.stm32cube.ide.mcu.externaltools.gnu-tools-for-stm32.14.3.rel1.win32_1.0.100.202602081740/tools/bin/../lib/gcc/arm-none-eabi/14.3.1/../../../../arm-none-eabi/lib/thumb/v6-m/nofp\libc_nano.a(libc_a-memcpy-stub.o)
                0x08003d8c                memcpy
 *(.glue_7)
 .glue_7        0x08003d9e        0x0 linker stubs
 *(.glue_7t)
 .glue_7t       0x08003d9e        0x0 linker stubs
 *(.eh_frame)
 *fill*         0x08003d9e        0x2 
 .eh_frame      0x08003da0        0x0 C:/ST/STM32CubeIDE_1.19.0/STM32CubeIDE/plugins/com.st.stm32cube.ide.mcu.externaltools.gnu-tools-for-stm32.14.3.rel1.win32_1.0.100.202602081740/tools/bin/../lib/gcc/arm-none-eabi/14.3.1/thumb/v6-m/nofp/crtbegin.o
 *(.init)
 .init          0x08003da0        0x4 C:/ST/STM32CubeIDE_1.19.0/STM32CubeIDE/plugins/com.st.stm32cube.ide.mcu.externaltools.gnu-tools-for-stm32.14.3.rel1.win32_1.0.100.202602081740/tools/bin/../lib/gcc/arm-none-eabi/14.3.1/thumb/v6-m/nofp/crti.o
                0x08003da0                _init
 .init          0x08003da4        0x8 C:/ST/STM32CubeIDE_1.19.0/STM32CubeIDE/plugins/com.st.stm32cube.ide.mcu.externaltools.gnu-tools-for-stm32.14.3.rel1.win32_1.0.100.202602081740/tools/bin/../lib/gcc/arm-none-eabi/14.3.1/thumb/v6-m/nofp/crtn.o
 *(.fini)
 .fini          0x08003dac        0x4 C:/ST/STM32CubeIDE_1.19.0/STM32CubeIDE/plugins/com.st.stm32cube.ide.mcu.externaltools.gnu-tools-for-stm32.14.3.rel1.win32_1.0.100.202602081740/tools/bin/../lib/gcc/arm-none-eabi/14.3.1/thumb/v6-m/nofp/crti.o
                0x08003dac                _fini
 .fini          0x08003db0        0x8 C:/ST/STM32CubeIDE_1.19.0/STM32CubeIDE/plugins/com.st.stm32cube.ide.mcu.externaltools.gnu-tools-for-stm32.14.3.rel1.win32_1.0.100.202602081740/tools/bin/../lib/gcc/arm-none-eabi/14.3.1/thumb/v6-m/nofp/crtn.o
                0x08003db8                        . = ALIGN (0x4)
                0x08003db8                        _etext = .

.vfp11_veneer   0x08003db8        0x0
 .vfp11_veneer  0x08003db8        0x0 linker stubs

.v4_bx          0x08003db8        0x0
 .v4_bx         0x08003db8        0x0 linker stubs

.iplt           0x08003db8        0x0
 .iplt          0x08003db8        0x0 C:/ST/STM32CubeIDE_1.19.0/STM32CubeIDE/plugins/com.st.stm32cube.ide.mcu.externaltools.gnu-tools-for-stm32.14.3.rel1.win32_1.0.100.202602081740/tools/bin/../lib/gcc/arm-none-eabi/14.3.1/thumb/v6-m/nofp/crtbegin.o

.rodata         0x08003db8      0x230
                0x08003db8                        . = ALIGN (0x4)
 *(.rodata)
 .rodata        0x08003db8        0xc ./Src/activities.o
 .rodata        0x08003dc4       0x7c C:/ST/STM32CubeIDE_1.19.0/STM32CubeIDE/plugins/com.st.stm32cube.ide.mcu.externaltools.gnu-tools-for-stm32.14.3.rel1.win32_1.0.100.202602081740/tools/bin/../lib/gcc/arm-none-eabi/14.3.1/thumb/v6-m/nofp\libgcc.a(divsf3.o)
 *(.rodata*)
 .rodata.DMA_SetRequest
                0x08003e40       0x1c ./Inc/HAL_STM32F103C6T6/src/ll/g0/dma_g0.o
 .rodata.CCER_CCxE
                0x08003e5c       0x10 ./Inc/HAL_STM32F103C6T6/src/ll/g0/pwm_g0.o
                0x08003e5c                CCER_CCxE
 .rodata.CCMR_OCxM
                0x08003e6c       0x10 ./Inc/HAL_STM32F103C6T6/src/ll/g0/pwm_g0.o
                0x08003e6c                CCMR_OCxM
 .rodata.CCMR_OCxPos
                0x08003e7c       0x10 ./Inc/HAL_STM32F103C6T6/src/ll/g0/pwm_g0.o
                0x08003e7c                CCMR_OCxPos
 .rodata.CCMR_OCxPE
                0x08003e8c       0x10 ./Inc/HAL_STM32F103C6T6/src/ll/g0/pwm_g0.o
                0x08003e8c                CCMR_OCxPE
 .rodata.map    0x08003e9c       0xf0 ./Inc/HAL_STM32F103C6T6/src/ll/g0/pwm_g0.o
 .rodata.ahb_shift_tbl.1
                0x08003f8c       0x20 ./Inc/HAL_STM32F103C6T6/src/ll/g0/tim_g0.o
 .rodata.apb_shift_tbl.0
                0x08003fac        0x8 ./Inc/HAL_STM32F103C6T6/src/ll/g0/tim_g0.o
 .rodata.Radio_HandlePacket
                0x08003fb4       0x14 ./Src/activities.o
 .rodata.RadioParser_FeedByte
                0x08003fc8       0x20 ./Src/protocol.o
                0x08003fe8                        . = ALIGN (0x4)

.ARM.extab      0x08003fe8        0x0
                0x08003fe8                        . = ALIGN (0x4)
 *(.ARM.extab* .gnu.linkonce.armextab.*)
                0x08003fe8                        . = ALIGN (0x4)

.ARM            0x08003fe8        0x0
                0x08003fe8                        . = ALIGN (0x4)
                0x08003fe8                        __exidx_start = .
 *(.ARM.exidx*)
                0x08003fe8                        __exidx_end = .
                0x08003fe8                        . = ALIGN (0x4)

.preinit_array  0x08003fe8        0x0
                0x08003fe8                        . = ALIGN (0x4)
                0x08003fe8                        PROVIDE (__preinit_array_start = .)
 *(.preinit_array*)
                0x08003fe8                        PROVIDE (__preinit_array_end = .)
                0x08003fe8                        . = ALIGN (0x4)

.init_array     0x08003fe8        0x4
                0x08003fe8                        . = ALIGN (0x4)
                0x08003fe8                        PROVIDE (__init_array_start = .)
 *(SORT_BY_NAME(.init_array.*))
 *(.init_array*)
 .init_array    0x08003fe8        0x4 C:/ST/STM32CubeIDE_1.19.0/STM32CubeIDE/plugins/com.st.stm32cube.ide.mcu.externaltools.gnu-tools-for-stm32.14.3.rel1.win32_1.0.100.202602081740/tools/bin/../lib/gcc/arm-none-eabi/14.3.1/thumb/v6-m/nofp/crtbegin.o
                0x08003fec                        PROVIDE (__init_array_end = .)
                0x08003fec                        . = ALIGN (0x4)

.fini_array     0x08003fec        0x4
                0x08003fec                        . = ALIGN (0x4)
                [!provide]                        PROVIDE (__fini_array_start = .)
 *(SORT_BY_NAME(.fini_array.*))
 *(.fini_array*)
 .fini_array    0x08003fec        0x4 C:/ST/STM32CubeIDE_1.19.0/STM32CubeIDE/plugins/com.st.stm32cube.ide.mcu.externaltools.gnu-tools-for-stm32.14.3.rel1.win32_1.0.100.202602081740/tools/bin/../lib/gcc/arm-none-eabi/14.3.1/thumb/v6-m/nofp/crtbegin.o
                [!provide]                        PROVIDE (__fini_array_end = .)
                0x08003ff0                        . = ALIGN (0x4)
                0x08003ff0                        _sidata = LOADADDR (.data)

.rel.dyn        0x08003ff0        0x0
 .rel.iplt      0x08003ff0        0x0 C:/ST/STM32CubeIDE_1.19.0/STM32CubeIDE/plugins/com.st.stm32cube.ide.mcu.externaltools.gnu-tools-for-stm32.14.3.rel1.win32_1.0.100.202602081740/tools/bin/../lib/gcc/arm-none-eabi/14.3.1/thumb/v6-m/nofp/crtbegin.o

.data           0x20000000       0x94 load address 0x08003ff0
                0x20000000                        . = ALIGN (0x4)
                0x20000000                        _sdata = .
 *(.data)
 *(.data*)
 .data.huart1   0x20000000       0x14 ./Inc/HAL_STM32F103C6T6/src/ll/g0/usart_g0.o
 .data.huart2   0x20000014       0x14 ./Inc/HAL_STM32F103C6T6/src/ll/g0/usart_g0.o
 .data.SDA      0x20000028        0xc ./Src/config.o
                0x20000028                SDA
 .data.SCL      0x20000034        0xc ./Src/config.o
                0x20000034                SCL
 .data.soil0    0x20000040        0xc ./Src/config.o
                0x20000040                soil0
 .data.soil1    0x2000004c        0xc ./Src/config.o
                0x2000004c                soil1
 .data.soil2    0x20000058        0xc ./Src/config.o
                0x20000058                soil2
 .data.pump     0x20000064        0xc ./Src/config.o
                0x20000064                pump
 .data.cooler   0x20000070        0xc ./Src/config.o
                0x20000070                cooler
 .data.power    0x2000007c        0xc ./Src/config.o
                0x2000007c                power
 .data.pwm_tim  0x20000088        0x4 ./Src/config.o
                0x20000088                pwm_tim
 .data.pwm_psc  0x2000008c        0x4 ./Src/config.o
                0x2000008c                pwm_psc
 .data.soil_dry_threshold
                0x20000090        0x2 ./Src/config.o
                0x20000090                soil_dry_threshold
 .data.need_ADC_DMA
                0x20000092        0x1 ./Src/config.o
                0x20000092                need_ADC_DMA
 *(.RamFunc)
 *(.RamFunc*)
                0x20000094                        . = ALIGN (0x4)
 *fill*         0x20000093        0x1 
                0x20000094                        _edata = .

.igot.plt       0x20000094        0x0 load address 0x08004084
 .igot.plt      0x20000094        0x0 C:/ST/STM32CubeIDE_1.19.0/STM32CubeIDE/plugins/com.st.stm32cube.ide.mcu.externaltools.gnu-tools-for-stm32.14.3.rel1.win32_1.0.100.202602081740/tools/bin/../lib/gcc/arm-none-eabi/14.3.1/thumb/v6-m/nofp/crtbegin.o
                0x20000094                        . = ALIGN (0x4)

.bss            0x20000094      0x4cc load address 0x08004084
                0x20000094                        _sbss = .
                0x20000094                        __bss_start__ = _sbss
 *(.bss)
 .bss           0x20000094       0x1c C:/ST/STM32CubeIDE_1.19.0/STM32CubeIDE/plugins/com.st.stm32cube.ide.mcu.externaltools.gnu-tools-for-stm32.14.3.rel1.win32_1.0.100.202602081740/tools/bin/../lib/gcc/arm-none-eabi/14.3.1/thumb/v6-m/nofp/crtbegin.o
 *(.bss*)
 .bss.msTicks   0x200000b0        0x4 ./Inc/HAL_STM32F103C6T6/src/ll/g0/tim_g0.o
                0x200000b0                msTicks
 .bss.rx_heads  0x200000b4        0x4 ./Inc/HAL_STM32F103C6T6/src/ll/g0/usart_g0.o
                0x200000b4                rx_heads
 .bss.tx_heads  0x200000b8        0x4 ./Inc/HAL_STM32F103C6T6/src/ll/g0/usart_g0.o
                0x200000b8                tx_heads
 .bss.rx_tails  0x200000bc        0x4 ./Inc/HAL_STM32F103C6T6/src/ll/g0/usart_g0.o
                0x200000bc                rx_tails
 .bss.tx_tails  0x200000c0        0x4 ./Inc/HAL_STM32F103C6T6/src/ll/g0/usart_g0.o
                0x200000c0                tx_tails
 .bss.usartRXBuffers
                0x200000c4      0x200 ./Inc/HAL_STM32F103C6T6/src/ll/g0/usart_g0.o
                0x200000c4                usartRXBuffers
 .bss.usartTXBuffers
                0x200002c4      0x200 ./Inc/HAL_STM32F103C6T6/src/ll/g0/usart_g0.o
                0x200002c4                usartTXBuffers
 .bss.adc_pins  0x200004c4       0x24 ./Src/config.o
                0x200004c4                adc_pins
 .bss.data      0x200004e8        0x6 ./Src/config.o
                0x200004e8                data
 *fill*         0x200004ee        0x2 
 .bss.soil_raw  0x200004f0        0x6 ./Src/config.o
                0x200004f0                soil_raw
 *fill*         0x200004f6        0x2 
 .bss.avg_soil_h
                0x200004f8        0x4 ./Src/config.o
                0x200004f8                avg_soil_h
 .bss.pump_off_time_ms
                0x200004fc        0x4 ./Src/config.o
                0x200004fc                pump_off_time_ms
 .bss.raw_t     0x20000500        0x2 ./Src/config.o
                0x20000500                raw_t
 .bss.raw_rh    0x20000502        0x2 ./Src/config.o
                0x20000502                raw_rh
 .bss.temp      0x20000504        0x4 ./Src/config.o
                0x20000504                temp
 .bss.rh        0x20000508        0x4 ./Src/config.o
                0x20000508                rh
 .bss.autowatering
                0x2000050c        0x1 ./Src/config.o
                0x2000050c                autowatering
 .bss.autocooling
                0x2000050d        0x1 ./Src/config.o
                0x2000050d                autocooling
 .bss.water_available
                0x2000050e        0x1 ./Src/config.o
                0x2000050e                water_available
 *fill*         0x2000050f        0x1 
 .bss.radio_parser
                0x20000510       0x4e ./Src/protocol.o
                0x20000510                radio_parser
 *(COMMON)
                0x20000560                        . = ALIGN (0x4)
 *fill*         0x2000055e        0x2 
                0x20000560                        _ebss = .
                0x20000560                        __bss_end__ = _ebss

._user_heap_stack
                0x20000560      0x600 load address 0x08004084
                0x20000560                        . = ALIGN (0x8)
                [!provide]                        PROVIDE (end = .)
                0x20000560                        PROVIDE (_end = .)
                0x20000760                        . = (. + _Min_Heap_Size)
 *fill*         0x20000560      0x200 
                0x20000b60                        . = (. + _Min_Stack_Size)
 *fill*         0x20000760      0x400 
                0x20000b60                        . = ALIGN (0x8)

/DISCARD/
 libc.a(*)
 libm.a(*)
 libgcc.a(*)

.ARM.attributes
                0x00000000       0x28
 *(.ARM.attributes)
 .ARM.attributes
                0x00000000       0x1e C:/ST/STM32CubeIDE_1.19.0/STM32CubeIDE/plugins/com.st.stm32cube.ide.mcu.externaltools.gnu-tools-for-stm32.14.3.rel1.win32_1.0.100.202602081740/tools/bin/../lib/gcc/arm-none-eabi/14.3.1/thumb/v6-m/nofp/crti.o
 .ARM.attributes
                0x0000001e       0x2c C:/ST/STM32CubeIDE_1.19.0/STM32CubeIDE/plugins/com.st.stm32cube.ide.mcu.externaltools.gnu-tools-for-stm32.14.3.rel1.win32_1.0.100.202602081740/tools/bin/../lib/gcc/arm-none-eabi/14.3.1/thumb/v6-m/nofp/crtbegin.o
 .ARM.attributes
                0x0000004a       0x2c ./Inc/HAL_STM32F103C6T6/ST/g0/system_stm32g0xx.o
 .ARM.attributes
                0x00000076       0x2c ./Inc/HAL_STM32F103C6T6/src/ll/g0/adc_g0.o
 .ARM.attributes
                0x000000a2       0x2c ./Inc/HAL_STM32F103C6T6/src/ll/g0/dma_g0.o
 .ARM.attributes
                0x000000ce       0x2c ./Inc/HAL_STM32F103C6T6/src/ll/g0/gpio_g0.o
 .ARM.attributes
                0x000000fa       0x2c ./Inc/HAL_STM32F103C6T6/src/ll/g0/i2c_g0.o
 .ARM.attributes
                0x00000126       0x2c ./Inc/HAL_STM32F103C6T6/src/ll/g0/pwm_g0.o
 .ARM.attributes
                0x00000152       0x2c ./Inc/HAL_STM32F103C6T6/src/ll/g0/tim_g0.o
 .ARM.attributes
                0x0000017e       0x2c ./Inc/HAL_STM32F103C6T6/src/ll/g0/usart_g0.o
 .ARM.attributes
                0x000001aa       0x2c ./Src/activities.o
 .ARM.attributes
                0x000001d6       0x2c ./Src/config.o
 .ARM.attributes
                0x00000202       0x2c ./Src/main.o
 .ARM.attributes
                0x0000022e       0x2c ./Src/protocol.o
 .ARM.attributes
                0x0000025a       0x22 ./Startup/startup_stm32g0b1cbtx.o
 .ARM.attributes
                0x0000027c       0x2c C:/ST/STM32CubeIDE_1.19.0/STM32CubeIDE/plugins/com.st.stm32cube.ide.mcu.externaltools.gnu-tools-for-stm32.14.3.rel1.win32_1.0.100.202602081740/tools/bin/../lib/gcc/arm-none-eabi/14.3.1/../../../../arm-none-eabi/lib/thumb/v6-m/nofp\libc_nano.a(libc_a-memset.o)
 .ARM.attributes
                0x000002a8       0x2c C:/ST/STM32CubeIDE_1.19.0/STM32CubeIDE/plugins/com.st.stm32cube.ide.mcu.externaltools.gnu-tools-for-stm32.14.3.rel1.win32_1.0.100.202602081740/tools/bin/../lib/gcc/arm-none-eabi/14.3.1/../../../../arm-none-eabi/lib/thumb/v6-m/nofp\libc_nano.a(libc_a-init.o)
 .ARM.attributes
                0x000002d4       0x2c C:/ST/STM32CubeIDE_1.19.0/STM32CubeIDE/plugins/com.st.stm32cube.ide.mcu.externaltools.gnu-tools-for-stm32.14.3.rel1.win32_1.0.100.202602081740/tools/bin/../lib/gcc/arm-none-eabi/14.3.1/../../../../arm-none-eabi/lib/thumb/v6-m/nofp\libc_nano.a(libc_a-memcpy-stub.o)
 .ARM.attributes
                0x00000300       0x1e C:/ST/STM32CubeIDE_1.19.0/STM32CubeIDE/plugins/com.st.stm32cube.ide.mcu.externaltools.gnu-tools-for-stm32.14.3.rel1.win32_1.0.100.202602081740/tools/bin/../lib/gcc/arm-none-eabi/14.3.1/thumb/v6-m/nofp\libgcc.a(_udivsi3.o)
 .ARM.attributes
                0x0000031e       0x1e C:/ST/STM32CubeIDE_1.19.0/STM32CubeIDE/plugins/com.st.stm32cube.ide.mcu.externaltools.gnu-tools-for-stm32.14.3.rel1.win32_1.0.100.202602081740/tools/bin/../lib/gcc/arm-none-eabi/14.3.1/thumb/v6-m/nofp\libgcc.a(_divsi3.o)
 .ARM.attributes
                0x0000033c       0x1e C:/ST/STM32CubeIDE_1.19.0/STM32CubeIDE/plugins/com.st.stm32cube.ide.mcu.externaltools.gnu-tools-for-stm32.14.3.rel1.win32_1.0.100.202602081740/tools/bin/../lib/gcc/arm-none-eabi/14.3.1/thumb/v6-m/nofp\libgcc.a(_dvmd_tls.o)
 .ARM.attributes
                0x0000035a       0x1e C:/ST/STM32CubeIDE_1.19.0/STM32CubeIDE/plugins/com.st.stm32cube.ide.mcu.externaltools.gnu-tools-for-stm32.14.3.rel1.win32_1.0.100.202602081740/tools/bin/../lib/gcc/arm-none-eabi/14.3.1/thumb/v6-m/nofp\libgcc.a(_arm_cmpsf2.o)
 .ARM.attributes
                0x00000378       0x2c C:/ST/STM32CubeIDE_1.19.0/STM32CubeIDE/plugins/com.st.stm32cube.ide.mcu.externaltools.gnu-tools-for-stm32.14.3.rel1.win32_1.0.100.202602081740/tools/bin/../lib/gcc/arm-none-eabi/14.3.1/thumb/v6-m/nofp\libgcc.a(_fixunssfsi.o)
 .ARM.attributes
                0x000003a4       0x2c C:/ST/STM32CubeIDE_1.19.0/STM32CubeIDE/plugins/com.st.stm32cube.ide.mcu.externaltools.gnu-tools-for-stm32.14.3.rel1.win32_1.0.100.202602081740/tools/bin/../lib/gcc/arm-none-eabi/14.3.1/thumb/v6-m/nofp\libgcc.a(divsf3.o)
 .ARM.attributes
                0x000003d0       0x2c C:/ST/STM32CubeIDE_1.19.0/STM32CubeIDE/plugins/com.st.stm32cube.ide.mcu.externaltools.gnu-tools-for-stm32.14.3.rel1.win32_1.0.100.202602081740/tools/bin/../lib/gcc/arm-none-eabi/14.3.1/thumb/v6-m/nofp\libgcc.a(eqsf2.o)
 .ARM.attributes
                0x000003fc       0x2c C:/ST/STM32CubeIDE_1.19.0/STM32CubeIDE/plugins/com.st.stm32cube.ide.mcu.externaltools.gnu-tools-for-stm32.14.3.rel1.win32_1.0.100.202602081740/tools/bin/../lib/gcc/arm-none-eabi/14.3.1/thumb/v6-m/nofp\libgcc.a(gesf2.o)
 .ARM.attributes
                0x00000428       0x2c C:/ST/STM32CubeIDE_1.19.0/STM32CubeIDE/plugins/com.st.stm32cube.ide.mcu.externaltools.gnu-tools-for-stm32.14.3.rel1.win32_1.0.100.202602081740/tools/bin/../lib/gcc/arm-none-eabi/14.3.1/thumb/v6-m/nofp\libgcc.a(lesf2.o)
 .ARM.attributes
                0x00000454       0x2c C:/ST/STM32CubeIDE_1.19.0/STM32CubeIDE/plugins/com.st.stm32cube.ide.mcu.externaltools.gnu-tools-for-stm32.14.3.rel1.win32_1.0.100.202602081740/tools/bin/../lib/gcc/arm-none-eabi/14.3.1/thumb/v6-m/nofp\libgcc.a(mulsf3.o)
 .ARM.attributes
                0x00000480       0x2c C:/ST/STM32CubeIDE_1.19.0/STM32CubeIDE/plugins/com.st.stm32cube.ide.mcu.externaltools.gnu-tools-for-stm32.14.3.rel1.win32_1.0.100.202602081740/tools/bin/../lib/gcc/arm-none-eabi/14.3.1/thumb/v6-m/nofp\libgcc.a(subsf3.o)
 .ARM.attributes
                0x000004ac       0x2c C:/ST/STM32CubeIDE_1.19.0/STM32CubeIDE/plugins/com.st.stm32cube.ide.mcu.externaltools.gnu-tools-for-stm32.14.3.rel1.win32_1.0.100.202602081740/tools/bin/../lib/gcc/arm-none-eabi/14.3.1/thumb/v6-m/nofp\libgcc.a(fixsfsi.o)
 .ARM.attributes
                0x000004d8       0x2c C:/ST/STM32CubeIDE_1.19.0/STM32CubeIDE/plugins/com.st.stm32cube.ide.mcu.externaltools.gnu-tools-for-stm32.14.3.rel1.win32_1.0.100.202602081740/tools/bin/../lib/gcc/arm-none-eabi/14.3.1/thumb/v6-m/nofp\libgcc.a(floatunsisf.o)
 .ARM.attributes
                0x00000504       0x1e C:/ST/STM32CubeIDE_1.19.0/STM32CubeIDE/plugins/com.st.stm32cube.ide.mcu.externaltools.gnu-tools-for-stm32.14.3.rel1.win32_1.0.100.202602081740/tools/bin/../lib/gcc/arm-none-eabi/14.3.1/thumb/v6-m/nofp\libgcc.a(_clzsi2.o)
 .ARM.attributes
                0x00000522       0x1e C:/ST/STM32CubeIDE_1.19.0/STM32CubeIDE/plugins/com.st.stm32cube.ide.mcu.externaltools.gnu-tools-for-stm32.14.3.rel1.win32_1.0.100.202602081740/tools/bin/../lib/gcc/arm-none-eabi/14.3.1/thumb/v6-m/nofp/crtn.o
OUTPUT(Greenhouse.elf elf32-littlearm)
LOAD linker stubs
LOAD C:/ST/STM32CubeIDE_1.19.0/STM32CubeIDE/plugins/com.st.stm32cube.ide.mcu.externaltools.gnu-tools-for-stm32.14.3.rel1.win32_1.0.100.202602081740/tools/bin/../lib/gcc/arm-none-eabi/14.3.1/../../../../arm-none-eabi/lib/thumb/v6-m/nofp\libc.a
LOAD C:/ST/STM32CubeIDE_1.19.0/STM32CubeIDE/plugins/com.st.stm32cube.ide.mcu.externaltools.gnu-tools-for-stm32.14.3.rel1.win32_1.0.100.202602081740/tools/bin/../lib/gcc/arm-none-eabi/14.3.1/../../../../arm-none-eabi/lib/thumb/v6-m/nofp\libm.a
LOAD C:/ST/STM32CubeIDE_1.19.0/STM32CubeIDE/plugins/com.st.stm32cube.ide.mcu.externaltools.gnu-tools-for-stm32.14.3.rel1.win32_1.0.100.202602081740/tools/bin/../lib/gcc/arm-none-eabi/14.3.1/thumb/v6-m/nofp\libgcc.a

.debug_info     0x00000000     0x5a6d
 .debug_info    0x00000000      0x2c1 ./Inc/HAL_STM32F103C6T6/ST/g0/system_stm32g0xx.o
 .debug_info    0x000002c1      0x568 ./Inc/HAL_STM32F103C6T6/src/ll/g0/adc_g0.o
 .debug_info    0x00000829      0x507 ./Inc/HAL_STM32F103C6T6/src/ll/g0/dma_g0.o
 .debug_info    0x00000d30      0x4fb ./Inc/HAL_STM32F103C6T6/src/ll/g0/gpio_g0.o
 .debug_info    0x0000122b      0x8f8 ./Inc/HAL_STM32F103C6T6/src/ll/g0/i2c_g0.o
 .debug_info    0x00001b23      0x6fa ./Inc/HAL_STM32F103C6T6/src/ll/g0/pwm_g0.o
 .debug_info    0x0000221d      0xa7d ./Inc/HAL_STM32F103C6T6/src/ll/g0/tim_g0.o
 .debug_info    0x00002c9a      0xdfd ./Inc/HAL_STM32F103C6T6/src/ll/g0/usart_g0.o
 .debug_info    0x00003a97     0x12a9 ./Src/activities.o
 .debug_info    0x00004d40      0x6a4 ./Src/config.o
 .debug_info    0x000053e4      0x1cf ./Src/main.o
 .debug_info    0x000055b3      0x48a ./Src/protocol.o
 .debug_info    0x00005a3d       0x30 ./Startup/startup_stm32g0b1cbtx.o

.debug_abbrev   0x00000000     0x17ef
 .debug_abbrev  0x00000000      0x11b ./Inc/HAL_STM32F103C6T6/ST/g0/system_stm32g0xx.o
 .debug_abbrev  0x0000011b      0x1b5 ./Inc/HAL_STM32F103C6T6/src/ll/g0/adc_g0.o
 .debug_abbrev  0x000002d0      0x1b1 ./Inc/HAL_STM32F103C6T6/src/ll/g0/dma_g0.o
 .debug_abbrev  0x00000481      0x1a0 ./Inc/HAL_STM32F103C6T6/src/ll/g0/gpio_g0.o
 .debug_abbrev  0x00000621      0x26e ./Inc/HAL_STM32F103C6T6/src/ll/g0/i2c_g0.o
 .debug_abbrev  0x0000088f      0x1c3 ./Inc/HAL_STM32F103C6T6/src/ll/g0/pwm_g0.o
 .debug_abbrev  0x00000a52      0x29e ./Inc/HAL_STM32F103C6T6/src/ll/g0/tim_g0.o
 .debug_abbrev  0x00000cf0      0x2d1 ./Inc/HAL_STM32F103C6T6/src/ll/g0/usart_g0.o
 .debug_abbrev  0x00000fc1      0x379 ./Src/activities.o
 .debug_abbrev  0x0000133a      0x168 ./Src/config.o
 .debug_abbrev  0x000014a2      0x108 ./Src/main.o
 .debug_abbrev  0x000015aa      0x221 ./Src/protocol.o
 .debug_abbrev  0x000017cb       0x24 ./Startup/startup_stm32g0b1cbtx.o

.debug_aranges  0x00000000      0x478
 .debug_aranges
                0x00000000       0x28 ./Inc/HAL_STM32F103C6T6/ST/g0/system_stm32g0xx.o
 .debug_aranges
                0x00000028       0x40 ./Inc/HAL_STM32F103C6T6/src/ll/g0/adc_g0.o
 .debug_aranges
                0x00000068       0x50 ./Inc/HAL_STM32F103C6T6/src/ll/g0/dma_g0.o
 .debug_aranges
                0x000000b8       0x50 ./Inc/HAL_STM32F103C6T6/src/ll/g0/gpio_g0.o
 .debug_aranges
                0x00000108       0xa8 ./Inc/HAL_STM32F103C6T6/src/ll/g0/i2c_g0.o
 .debug_aranges
                0x000001b0       0x38 ./Inc/HAL_STM32F103C6T6/src/ll/g0/pwm_g0.o
 .debug_aranges
                0x000001e8       0x98 ./Inc/HAL_STM32F103C6T6/src/ll/g0/tim_g0.o
 .debug_aranges
                0x00000280       0x98 ./Inc/HAL_STM32F103C6T6/src/ll/g0/usart_g0.o
 .debug_aranges
                0x00000318       0xb8 ./Src/activities.o
 .debug_aranges
                0x000003d0       0x20 ./Src/config.o
 .debug_aranges
                0x000003f0       0x20 ./Src/main.o
 .debug_aranges
                0x00000410       0x40 ./Src/protocol.o
 .debug_aranges
                0x00000450       0x28 ./Startup/startup_stm32g0b1cbtx.o

.debug_rnglists
                0x00000000      0x383
 .debug_rnglists
                0x00000000       0x1a ./Inc/HAL_STM32F103C6T6/ST/g0/system_stm32g0xx.o
 .debug_rnglists
                0x0000001a       0x2c ./Inc/HAL_STM32F103C6T6/src/ll/g0/adc_g0.o
 .debug_rnglists
                0x00000046       0x3a ./Inc/HAL_STM32F103C6T6/src/ll/g0/dma_g0.o
 .debug_rnglists
                0x00000080       0x3a ./Inc/HAL_STM32F103C6T6/src/ll/g0/gpio_g0.o
 .debug_rnglists
                0x000000ba       0x81 ./Inc/HAL_STM32F103C6T6/src/ll/g0/i2c_g0.o
 .debug_rnglists
                0x0000013b       0x28 ./Inc/HAL_STM32F103C6T6/src/ll/g0/pwm_g0.o
 .debug_rnglists
                0x00000163       0x70 ./Inc/HAL_STM32F103C6T6/src/ll/g0/tim_g0.o
 .debug_rnglists
                0x000001d3       0x9e ./Inc/HAL_STM32F103C6T6/src/ll/g0/usart_g0.o
 .debug_rnglists
                0x00000271       0x98 ./Src/activities.o
 .debug_rnglists
                0x00000309       0x14 ./Src/config.o
 .debug_rnglists
                0x0000031d       0x13 ./Src/main.o
 .debug_rnglists
                0x00000330       0x3a ./Src/protocol.o
 .debug_rnglists
                0x0000036a       0x19 ./Startup/startup_stm32g0b1cbtx.o

.debug_macro    0x00000000      0xe56
 .debug_macro   0x00000000       0xcc ./Inc/HAL_STM32F103C6T6/ST/g0/system_stm32g0xx.o
 .debug_macro   0x000000cc       0xf3 ./Inc/HAL_STM32F103C6T6/src/ll/g0/adc_g0.o
 .debug_macro   0x000001bf       0xfa ./Inc/HAL_STM32F103C6T6/src/ll/g0/dma_g0.o
 .debug_macro   0x000002b9       0xea ./Inc/HAL_STM32F103C6T6/src/ll/g0/gpio_g0.o
 .debug_macro   0x000003a3      0x10e ./Inc/HAL_STM32F103C6T6/src/ll/g0/i2c_g0.o
 .debug_macro   0x000004b1      0x108 ./Inc/HAL_STM32F103C6T6/src/ll/g0/pwm_g0.o
 .debug_macro   0x000005b9       0xe5 ./Inc/HAL_STM32F103C6T6/src/ll/g0/tim_g0.o
 .debug_macro   0x0000069e      0x1d7 ./Inc/HAL_STM32F103C6T6/src/ll/g0/usart_g0.o
 .debug_macro   0x00000875      0x164 ./Src/activities.o
 .debug_macro   0x000009d9       0x16 ./Src/activities.o
 .debug_macro   0x000009ef       0x5e ./Src/activities.o
 .debug_macro   0x00000a4d       0x3a ./Src/activities.o
 .debug_macro   0x00000a87      0x15a ./Src/config.o
 .debug_macro   0x00000be1      0x164 ./Src/main.o
 .debug_macro   0x00000d45      0x111 ./Src/protocol.o

.debug_line     0x00000000     0x5f69
 .debug_line    0x00000000      0x5a7 ./Inc/HAL_STM32F103C6T6/ST/g0/system_stm32g0xx.o
 .debug_line    0x000005a7      0x751 ./Inc/HAL_STM32F103C6T6/src/ll/g0/adc_g0.o
 .debug_line    0x00000cf8      0x6b7 ./Inc/HAL_STM32F103C6T6/src/ll/g0/dma_g0.o
 .debug_line    0x000013af      0x77f ./Inc/HAL_STM32F103C6T6/src/ll/g0/gpio_g0.o
 .debug_line    0x00001b2e      0xb19 ./Inc/HAL_STM32F103C6T6/src/ll/g0/i2c_g0.o
 .debug_line    0x00002647      0x710 ./Inc/HAL_STM32F103C6T6/src/ll/g0/pwm_g0.o
 .debug_line    0x00002d57      0x88d ./Inc/HAL_STM32F103C6T6/src/ll/g0/tim_g0.o
 .debug_line    0x000035e4      0xb3b ./Inc/HAL_STM32F103C6T6/src/ll/g0/usart_g0.o
 .debug_line    0x0000411f      0xb91 ./Src/activities.o
 .debug_line    0x00004cb0      0x597 ./Src/config.o
 .debug_line    0x00005247      0x5a4 ./Src/main.o
 .debug_line    0x000057eb      0x703 ./Src/protocol.o
 .debug_line    0x00005eee       0x7b ./Startup/startup_stm32g0b1cbtx.o

.debug_str      0x00000000    0x64990
 .debug_str     0x00000000    0x64990 ./Inc/HAL_STM32F103C6T6/ST/g0/system_stm32g0xx.o
                              0x5fa29 (size before relaxing)
 .debug_str     0x00064990    0x5ffa3 ./Inc/HAL_STM32F103C6T6/src/ll/g0/adc_g0.o
 .debug_str     0x00064990    0x5ffc3 ./Inc/HAL_STM32F103C6T6/src/ll/g0/dma_g0.o
 .debug_str     0x00064990    0x5ff50 ./Inc/HAL_STM32F103C6T6/src/ll/g0/gpio_g0.o
 .debug_str     0x00064990    0x6011e ./Inc/HAL_STM32F103C6T6/src/ll/g0/i2c_g0.o
 .debug_str     0x00064990    0x5ffe0 ./Inc/HAL_STM32F103C6T6/src/ll/g0/pwm_g0.o
 .debug_str     0x00064990    0x60227 ./Inc/HAL_STM32F103C6T6/src/ll/g0/tim_g0.o
 .debug_str     0x00064990    0x63bdf ./Inc/HAL_STM32F103C6T6/src/ll/g0/usart_g0.o
 .debug_str     0x00064990    0x6083a ./Src/activities.o
 .debug_str     0x00064990    0x6025a ./Src/config.o
 .debug_str     0x00064990    0x600e7 ./Src/main.o
 .debug_str     0x00064990    0x600dd ./Src/protocol.o
 .debug_str     0x00064990       0x6b ./Startup/startup_stm32g0b1cbtx.o

.comment        0x00000000       0x43
 .comment       0x00000000       0x43 ./Inc/HAL_STM32F103C6T6/ST/g0/system_stm32g0xx.o
                                 0x44 (size before relaxing)
 .comment       0x00000043       0x44 ./Inc/HAL_STM32F103C6T6/src/ll/g0/adc_g0.o
 .comment       0x00000043       0x44 ./Inc/HAL_STM32F103C6T6/src/ll/g0/dma_g0.o
 .comment       0x00000043       0x44 ./Inc/HAL_STM32F103C6T6/src/ll/g0/gpio_g0.o
 .comment       0x00000043       0x44 ./Inc/HAL_STM32F103C6T6/src/ll/g0/i2c_g0.o
 .comment       0x00000043       0x44 ./Inc/HAL_STM32F103C6T6/src/ll/g0/pwm_g0.o
 .comment       0x00000043       0x44 ./Inc/HAL_STM32F103C6T6/src/ll/g0/tim_g0.o
 .comment       0x00000043       0x44 ./Inc/HAL_STM32F103C6T6/src/ll/g0/usart_g0.o
 .comment       0x00000043       0x44 ./Src/activities.o
 .comment       0x00000043       0x44 ./Src/config.o
 .comment       0x00000043       0x44 ./Src/main.o
 .comment       0x00000043       0x44 ./Src/protocol.o

.debug_frame    0x00000000      0xfbc
 .debug_frame   0x00000000       0x4c ./Inc/HAL_STM32F103C6T6/ST/g0/system_stm32g0xx.o
 .debug_frame   0x0000004c       0xa8 ./Inc/HAL_STM32F103C6T6/src/ll/g0/adc_g0.o
 .debug_frame   0x000000f4       0xf0 ./Inc/HAL_STM32F103C6T6/src/ll/g0/dma_g0.o
 .debug_frame   0x000001e4       0xf0 ./Inc/HAL_STM32F103C6T6/src/ll/g0/gpio_g0.o
 .debug_frame   0x000002d4      0x260 ./Inc/HAL_STM32F103C6T6/src/ll/g0/i2c_g0.o
 .debug_frame   0x00000534       0x94 ./Inc/HAL_STM32F103C6T6/src/ll/g0/pwm_g0.o
 .debug_frame   0x000005c8      0x200 ./Inc/HAL_STM32F103C6T6/src/ll/g0/tim_g0.o
 .debug_frame   0x000007c8      0x220 ./Inc/HAL_STM32F103C6T6/src/ll/g0/usart_g0.o
 .debug_frame   0x000009e8      0x270 ./Src/activities.o
 .debug_frame   0x00000c58       0x34 ./Src/config.o
 .debug_frame   0x00000c8c       0x2c ./Src/main.o
 .debug_frame   0x00000cb8       0xb4 ./Src/protocol.o
 .debug_frame   0x00000d6c       0x20 C:/ST/STM32CubeIDE_1.19.0/STM32CubeIDE/plugins/com.st.stm32cube.ide.mcu.externaltools.gnu-tools-for-stm32.14.3.rel1.win32_1.0.100.202602081740/tools/bin/../lib/gcc/arm-none-eabi/14.3.1/../../../../arm-none-eabi/lib/thumb/v6-m/nofp\libc_nano.a(libc_a-memset.o)
 .debug_frame   0x00000d8c       0x2c C:/ST/STM32CubeIDE_1.19.0/STM32CubeIDE/plugins/com.st.stm32cube.ide.mcu.externaltools.gnu-tools-for-stm32.14.3.rel1.win32_1.0.100.202602081740/tools/bin/../lib/gcc/arm-none-eabi/14.3.1/../../../../arm-none-eabi/lib/thumb/v6-m/nofp\libc_nano.a(libc_a-init.o)
 .debug_frame   0x00000db8       0x28 C:/ST/STM32CubeIDE_1.19.0/STM32CubeIDE/plugins/com.st.stm32cube.ide.mcu.externaltools.gnu-tools-for-stm32.14.3.rel1.win32_1.0.100.202602081740/tools/bin/../lib/gcc/arm-none-eabi/14.3.1/../../../../arm-none-eabi/lib/thumb/v6-m/nofp\libc_nano.a(libc_a-memcpy-stub.o)
 .debug_frame   0x00000de0       0x20 C:/ST/STM32CubeIDE_1.19.0/STM32CubeIDE/plugins/com.st.stm32cube.ide.mcu.externaltools.gnu-tools-for-stm32.14.3.rel1.win32_1.0.100.202602081740/tools/bin/../lib/gcc/arm-none-eabi/14.3.1/thumb/v6-m/nofp\libgcc.a(_udivsi3.o)
 .debug_frame   0x00000e00       0x20 C:/ST/STM32CubeIDE_1.19.0/STM32CubeIDE/plugins/com.st.stm32cube.ide.mcu.externaltools.gnu-tools-for-stm32.14.3.rel1.win32_1.0.100.202602081740/tools/bin/../lib/gcc/arm-none-eabi/14.3.1/thumb/v6-m/nofp\libgcc.a(_divsi3.o)
 .debug_frame   0x00000e20       0x28 C:/ST/STM32CubeIDE_1.19.0/STM32CubeIDE/plugins/com.st.stm32cube.ide.mcu.externaltools.gnu-tools-for-stm32.14.3.rel1.win32_1.0.100.202602081740/tools/bin/../lib/gcc/arm-none-eabi/14.3.1/thumb/v6-m/nofp\libgcc.a(_fixunssfsi.o)
 .debug_frame   0x00000e48       0x38 C:/ST/STM32CubeIDE_1.19.0/STM32CubeIDE/plugins/com.st.stm32cube.ide.mcu.externaltools.gnu-tools-for-stm32.14.3.rel1.win32_1.0.100.202602081740/tools/bin/../lib/gcc/arm-none-eabi/14.3.1/thumb/v6-m/nofp\libgcc.a(divsf3.o)
 .debug_frame   0x00000e80       0x2c C:/ST/STM32CubeIDE_1.19.0/STM32CubeIDE/plugins/com.st.stm32cube.ide.mcu.externaltools.gnu-tools-for-stm32.14.3.rel1.win32_1.0.100.202602081740/tools/bin/../lib/gcc/arm-none-eabi/14.3.1/thumb/v6-m/nofp\libgcc.a(eqsf2.o)
 .debug_frame   0x00000eac       0x2c C:/ST/STM32CubeIDE_1.19.0/STM32CubeIDE/plugins/com.st.stm32cube.ide.mcu.externaltools.gnu-tools-for-stm32.14.3.rel1.win32_1.0.100.202602081740/tools/bin/../lib/gcc/arm-none-eabi/14.3.1/thumb/v6-m/nofp\libgcc.a(gesf2.o)
 .debug_frame   0x00000ed8       0x2c C:/ST/STM32CubeIDE_1.19.0/STM32CubeIDE/plugins/com.st.stm32cube.ide.mcu.externaltools.gnu-tools-for-stm32.14.3.rel1.win32_1.0.100.202602081740/tools/bin/../lib/gcc/arm-none-eabi/14.3.1/thumb/v6-m/nofp\libgcc.a(lesf2.o)
 .debug_frame   0x00000f04       0x38 C:/ST/STM32CubeIDE_1.19.0/STM32CubeIDE/plugins/com.st.stm32cube.ide.mcu.externaltools.gnu-tools-for-stm32.14.3.rel1.win32_1.0.100.202602081740/tools/bin/../lib/gcc/arm-none-eabi/14.3.1/thumb/v6-m/nofp\libgcc.a(mulsf3.o)
 .debug_frame   0x00000f3c       0x38 C:/ST/STM32CubeIDE_1.19.0/STM32CubeIDE/plugins/com.st.stm32cube.ide.mcu.externaltools.gnu-tools-for-stm32.14.3.rel1.win32_1.0.100.202602081740/tools/bin/../lib/gcc/arm-none-eabi/14.3.1/thumb/v6-m/nofp\libgcc.a(subsf3.o)
 .debug_frame   0x00000f74       0x20 C:/ST/STM32CubeIDE_1.19.0/STM32CubeIDE/plugins/com.st.stm32cube.ide.mcu.externaltools.gnu-tools-for-stm32.14.3.rel1.win32_1.0.100.202602081740/tools/bin/../lib/gcc/arm-none-eabi/14.3.1/thumb/v6-m/nofp\libgcc.a(fixsfsi.o)
 .debug_frame   0x00000f94       0x28 C:/ST/STM32CubeIDE_1.19.0/STM32CubeIDE/plugins/com.st.stm32cube.ide.mcu.externaltools.gnu-tools-for-stm32.14.3.rel1.win32_1.0.100.202602081740/tools/bin/../lib/gcc/arm-none-eabi/14.3.1/thumb/v6-m/nofp\libgcc.a(floatunsisf.o)

.debug_line_str
                0x00000000       0x4f
 .debug_line_str
                0x00000000       0x4f ./Startup/startup_stm32g0b1cbtx.o
