Archive member included to satisfy reference by file (symbol)

C:/ST/STM32CubeIDE_1.19.0/STM32CubeIDE/plugins/com.st.stm32cube.ide.mcu.externaltools.gnu-tools-for-stm32.14.3.rel1.win32_1.0.100.202602081740/tools/bin/../lib/gcc/arm-none-eabi/14.3.1/../../../../arm-none-eabi/lib/thumb/v6-m/nofp\libc_nano.a(libc_a-exit.o)
                              C:/ST/STM32CubeIDE_1.19.0/STM32CubeIDE/plugins/com.st.stm32cube.ide.mcu.externaltools.gnu-tools-for-stm32.14.3.rel1.win32_1.0.100.202602081740/tools/bin/../lib/gcc/arm-none-eabi/14.3.1/../../../../arm-none-eabi/lib/thumb/v6-m/nofp/crt0.o (exit)
C:/ST/STM32CubeIDE_1.19.0/STM32CubeIDE/plugins/com.st.stm32cube.ide.mcu.externaltools.gnu-tools-for-stm32.14.3.rel1.win32_1.0.100.202602081740/tools/bin/../lib/gcc/arm-none-eabi/14.3.1/../../../../arm-none-eabi/lib/thumb/v6-m/nofp\libc_nano.a(libc_a-findfp.o)
                              C:/ST/STM32CubeIDE_1.19.0/STM32CubeIDE/plugins/com.st.stm32cube.ide.mcu.externaltools.gnu-tools-for-stm32.14.3.rel1.win32_1.0.100.202602081740/tools/bin/../lib/gcc/arm-none-eabi/14.3.1/../../../../arm-none-eabi/lib/thumb/v6-m/nofp\libc_nano.a(libc_a-exit.o) (__stdio_exit_handler)
C:/ST/STM32CubeIDE_1.19.0/STM32CubeIDE/plugins/com.st.stm32cube.ide.mcu.externaltools.gnu-tools-for-stm32.14.3.rel1.win32_1.0.100.202602081740/tools/bin/../lib/gcc/arm-none-eabi/14.3.1/../../../../arm-none-eabi/lib/thumb/v6-m/nofp\libc_nano.a(libc_a-fwalk.o)
                              C:/ST/STM32CubeIDE_1.19.0/STM32CubeIDE/plugins/com.st.stm32cube.ide.mcu.externaltools.gnu-tools-for-stm32.14.3.rel1.win32_1.0.100.202602081740/tools/bin/../lib/gcc/arm-none-eabi/14.3.1/../../../../arm-none-eabi/lib/thumb/v6-m/nofp\libc_nano.a(libc_a-findfp.o) (_fwalk_sglue)
C:/ST/STM32CubeIDE_1.19.0/STM32CubeIDE/plugins/com.st.stm32cube.ide.mcu.externaltools.gnu-tools-for-stm32.14.3.rel1.win32_1.0.100.202602081740/tools/bin/../lib/gcc/arm-none-eabi/14.3.1/../../../../arm-none-eabi/lib/thumb/v6-m/nofp\libc_nano.a(libc_a-stdio.o)
                              C:/ST/STM32CubeIDE_1.19.0/STM32CubeIDE/plugins/com.st.stm32cube.ide.mcu.externaltools.gnu-tools-for-stm32.14.3.rel1.win32_1.0.100.202602081740/tools/bin/../lib/gcc/arm-none-eabi/14.3.1/../../../../arm-none-eabi/lib/thumb/v6-m/nofp\libc_nano.a(libc_a-findfp.o) (__sread)
C:/ST/STM32CubeIDE_1.19.0/STM32CubeIDE/plugins/com.st.stm32cube.ide.mcu.externaltools.gnu-tools-for-stm32.14.3.rel1.win32_1.0.100.202602081740/tools/bin/../lib/gcc/arm-none-eabi/14.3.1/../../../../arm-none-eabi/lib/thumb/v6-m/nofp\libc_nano.a(libc_a-memset.o)
                              C:/ST/STM32CubeIDE_1.19.0/STM32CubeIDE/plugins/com.st.stm32cube.ide.mcu.externaltools.gnu-tools-for-stm32.14.3.rel1.win32_1.0.100.202602081740/tools/bin/../lib/gcc/arm-none-eabi/14.3.1/../../../../arm-none-eabi/lib/thumb/v6-m/nofp/crt0.o (memset)
C:/ST/STM32CubeIDE_1.19.0/STM32CubeIDE/plugins/com.st.stm32cube.ide.mcu.externaltools.gnu-tools-for-stm32.14.3.rel1.win32_1.0.100.202602081740/tools/bin/../lib/gcc/arm-none-eabi/14.3.1/../../../../arm-none-eabi/lib/thumb/v6-m/nofp\libc_nano.a(libc_a-closer.o)
                              C:/ST/STM32CubeIDE_1.19.0/STM32CubeIDE/plugins/com.st.stm32cube.ide.mcu.externaltools.gnu-tools-for-stm32.14.3.rel1.win32_1.0.100.202602081740/tools/bin/../lib/gcc/arm-none-eabi/14.3.1/../../../../arm-none-eabi/lib/thumb/v6-m/nofp\libc_nano.a(libc_a-stdio.o) (_close_r)
C:/ST/STM32CubeIDE_1.19.0/STM32CubeIDE/plugins/com.st.stm32cube.ide.mcu.externaltools.gnu-tools-for-stm32.14.3.rel1.win32_1.0.100.202602081740/tools/bin/../lib/gcc/arm-none-eabi/14.3.1/../../../../arm-none-eabi/lib/thumb/v6-m/nofp\libc_nano.a(libc_a-reent.o)
                              C:/ST/STM32CubeIDE_1.19.0/STM32CubeIDE/plugins/com.st.stm32cube.ide.mcu.externaltools.gnu-tools-for-stm32.14.3.rel1.win32_1.0.100.202602081740/tools/bin/../lib/gcc/arm-none-eabi/14.3.1/../../../../arm-none-eabi/lib/thumb/v6-m/nofp\libc_nano.a(libc_a-closer.o) (errno)
C:/ST/STM32CubeIDE_1.19.0/STM32CubeIDE/plugins/com.st.stm32cube.ide.mcu.externaltools.gnu-tools-for-stm32.14.3.rel1.win32_1.0.100.202602081740/tools/bin/../lib/gcc/arm-none-eabi/14.3.1/../../../../arm-none-eabi/lib/thumb/v6-m/nofp\libc_nano.a(libc_a-impure.o)
                              C:/ST/STM32CubeIDE_1.19.0/STM32CubeIDE/plugins/com.st.stm32cube.ide.mcu.externaltools.gnu-tools-for-stm32.14.3.rel1.win32_1.0.100.202602081740/tools/bin/../lib/gcc/arm-none-eabi/14.3.1/../../../../arm-none-eabi/lib/thumb/v6-m/nofp\libc_nano.a(libc_a-reent.o) (_impure_ptr)
C:/ST/STM32CubeIDE_1.19.0/STM32CubeIDE/plugins/com.st.stm32cube.ide.mcu.externaltools.gnu-tools-for-stm32.14.3.rel1.win32_1.0.100.202602081740/tools/bin/../lib/gcc/arm-none-eabi/14.3.1/../../../../arm-none-eabi/lib/thumb/v6-m/nofp\libc_nano.a(libc_a-lseekr.o)
[...]
Memory Configuration

Name             Origin             Length             Attributes
RAM              0x20000000         0x00024000         xrw
FLASH            0x08000000         0x00020000         xr
*default*        0x00000000         0xffffffff

Linker script and memory map

LOAD C:/ST/STM32CubeIDE_1.19.0/STM32CubeIDE/plugins/com.st.stm32cube.ide.mcu.externaltools.gnu-tools-for-stm32.14.3.rel1.win32_1.0.100.202602081740/tools/bin/../lib/gcc/arm-none-eabi/14.3.1/thumb/v6-m/nofp/crti.o
LOAD C:/ST/STM32CubeIDE_1.19.0/STM32CubeIDE/plugins/com.st.stm32cube.ide.mcu.externaltools.gnu-tools-for-stm32.14.3.rel1.win32_1.0.100.202602081740/tools/bin/../lib/gcc/arm-none-eabi/14.3.1/thumb/v6-m/nofp/crtbegin.o
LOAD C:/ST/STM32CubeIDE_1.19.0/STM32CubeIDE/plugins/com.st.stm32cube.ide.mcu.externaltools.gnu-tools-for-stm32.14.3.rel1.win32_1.0.100.202602081740/tools/bin/../lib/gcc/arm-none-eabi/14.3.1/../../../../arm-none-eabi/lib/thumb/v6-m/nofp/crt0.o
LOAD ./Inc/myhal/Midleware/button.o
LOAD ./Inc/myhal/ST/f103/system_stm32f1xx.o
LOAD ./Inc/myhal/ST/g0/system_stm32g0xx.o
LOAD ./Inc/myhal/src/ll/f103/adc_f103.o
LOAD ./Inc/myhal/src/ll/f103/dma_f103.o
LOAD ./Inc/myhal/src/ll/f103/exti_f103.o
LOAD ./Inc/myhal/src/ll/f103/flash_ll_f103.o
LOAD ./Inc/myhal/src/ll/f103/gpio_f103.o
LOAD ./Inc/myhal/src/ll/f103/i2c_f103.o
LOAD ./Inc/myhal/src/ll/f103/pwm_f103.o
LOAD ./Inc/myhal/src/ll/f103/spi_f103.o
LOAD ./Inc/myhal/src/ll/f103/tim_f103.o
LOAD ./Inc/myhal/src/ll/f103/usart_f103.o
LOAD ./Inc/myhal/src/ll/g0/adc_g0.o
LOAD ./Inc/myhal/src/ll/g0/dma_g0.o
LOAD ./Inc/myhal/src/ll/g0/gpio_g0.o
LOAD ./Inc/myhal/src/ll/g0/i2c_g0.o
LOAD ./Inc/myhal/src/ll/g0/pwm_g0.o
LOAD ./Inc/myhal/src/ll/g0/tim_g0.o
LOAD ./Inc/myhal/src/ll/g0/usart_g0.o
LOAD ./Inc/myhal/src/modbus.o
LOAD ./Inc/myhal/src/nvstore.o
LOAD ./Inc/myhal/src/soft_i2c.o
LOAD ./Inc/myhal/src/soft_uart.o
LOAD ./Inc/myhal/src/utilities.o
LOAD ./Src/activities.o
LOAD ./Src/config.o
LOAD ./Src/main.o
LOAD ./Src/syscalls.o
LOAD ./Src/sysmem.o
LOAD ./Startup/startup_stm32g0b1cbtx.o
START GROUP
LOAD C:/ST/STM32CubeIDE_1.19.0/STM32CubeIDE/plugins/com.st.stm32cube.ide.mcu.externaltools.gnu-tools-for-stm32.14.3.rel1.win32_1.0.100.202602081740/tools/bin/../lib/gcc/arm-none-eabi/14.3.1/../../../../arm-none-eabi/lib/thumb/v6-m/nofp\libc_nano.a
LOAD C:/ST/STM32CubeIDE_1.19.0/STM32CubeIDE/plugins/com.st.stm32cube.ide.mcu.externaltools.gnu-tools-for-stm32.14.3.rel1.win32_1.0.100.202602081740/tools/bin/../lib/gcc/arm-none-eabi/14.3.1/../../../../arm-none-eabi/lib/thumb/v6-m/nofp\libm.a
END GROUP
START GROUP
LOAD C:/ST/STM32CubeIDE_1.19.0/STM32CubeIDE/plugins/com.st.stm32cube.ide.mcu.externaltools.gnu-tools-for-stm32.14.3.rel1.win32_1.0.100.202602081740/tools/bin/../lib/gcc/arm-none-eabi/14.3.1/thumb/v6-m/nofp\libgcc.a
LOAD C:/ST/STM32CubeIDE_1.19.0/STM32CubeIDE/plugins/com.st.stm32cube.ide.mcu.externaltools.gnu-tools-for-stm32.14.3.rel1.win32_1.0.100.202602081740/tools/bin/../lib/gcc/arm-none-eabi/14.3.1/../../../../arm-none-eabi/lib/thumb/v6-m/nofp\libc_nano.a
END GROUP
START GROUP
LOAD C:/ST/STM32CubeIDE_1.19.0/STM32CubeIDE/plugins/com.st.stm32cube.ide.mcu.externaltools.gnu-tools-for-stm32.14.3.rel1.win32_1.0.100.202602081740/tools/bin/../lib/gcc/arm-none-eabi/14.3.1/thumb/v6-m/nofp\libgcc.a
LOAD C:/ST/STM32CubeIDE_1.19.0/STM32CubeIDE/plugins/com.st.stm32cube.ide.mcu.externaltools.gnu-tools-for-stm32.14.3.rel1.win32_1.0.100.202602081740/tools/bin/../lib/gcc/arm-none-eabi/14.3.1/../../../../arm-none-eabi/lib/thumb/v6-m/nofp\libc_nano.a
LOAD C:/ST/STM32CubeIDE_1.19.0/STM32CubeIDE/plugins/com.st.stm32cube.ide.mcu.externaltools.gnu-tools-for-stm32.14.3.rel1.win32_1.0.100.202602081740/tools/bin/../lib/gcc/arm-none-eabi/14.3.1/../../../../arm-none-eabi/lib/thumb/v6-m/nofp\libnosys.a
END GROUP
START GROUP
LOAD C:/ST/STM32CubeIDE_1.19.0/STM32CubeIDE/plugins/com.st.stm32cube.ide.mcu.externaltools.gnu-tools-for-stm32.14.3.rel1.win32_1.0.100.202602081740/tools/bin/../lib/gcc/arm-none-eabi/14.3.1/thumb/v6-m/nofp\libgcc.a
LOAD C:/ST/STM32CubeIDE_1.19.0/STM32CubeIDE/plugins/com.st.stm32cube.ide.mcu.externaltools.gnu-tools-for-stm32.14.3.rel1.win32_1.0.100.202602081740/tools/bin/../lib/gcc/arm-none-eabi/14.3.1/../../../../arm-none-eabi/lib/thumb/v6-m/nofp\libc_nano.a
LOAD C:/ST/STM32CubeIDE_1.19.0/STM32CubeIDE/plugins/com.st.stm32cube.ide.mcu.externaltools.gnu-tools-for-stm32.14.3.rel1.win32_1.0.100.202602081740/tools/bin/../lib/gcc/arm-none-eabi/14.3.1/../../../../arm-none-eabi/lib/thumb/v6-m/nofp\libnosys.a
END GROUP
LOAD C:/ST/STM32CubeIDE_1.19.0/STM32CubeIDE/plugins/com.st.stm32cube.ide.mcu.externaltools.gnu-tools-for-stm32.14.3.rel1.win32_1.0.100.202602081740/tools/bin/../lib/gcc/arm-none-eabi/14.3.1/thumb/v6-m/nofp/crtend.o
LOAD C:/ST/STM32CubeIDE_1.19.0/STM32CubeIDE/plugins/com.st.stm32cube.ide.mcu.externaltools.gnu-tools-for-stm32.14.3.rel1.win32_1.0.100.202602081740/tools/bin/../lib/gcc/arm-none-eabi/14.3.1/thumb/v6-m/nofp/crtn.o
                0x20024000                        _estack = (ORIGIN (RAM) + LENGTH (RAM))
                0x00000200                        _Min_Heap_Size = 0x200
                0x00000400                        _Min_Stack_Size = 0x400

.isr_vector     0x08000000       0xbc
                0x08000000                        . = ALIGN (0x4)
 *(.isr_vector)
 .isr_vector    0x08000000       0xbc ./Startup/startup_stm32g0b1cbtx.o
                0x08000000                g_pfnVectors
                0x080000bc                        . = ALIGN (0x4)

.text           0x080000bc     0x3188
                0x080000bc                        . = ALIGN (0x4)
 *(.text)
 .text          0x080000bc       0x48 C:/ST/STM32CubeIDE_1.19.0/STM32CubeIDE/plugins/com.st.stm32cube.ide.mcu.externaltools.gnu-tools-for-stm32.14.3.rel1.win32_1.0.100.202602081740/tools/bin/../lib/gcc/arm-none-eabi/14.3.1/thumb/v6-m/nofp/crtbegin.o
 .text          0x08000104      0x114 C:/ST/STM32CubeIDE_1.19.0/STM32CubeIDE/plugins/com.st.stm32cube.ide.mcu.externaltools.gnu-tools-for-stm32.14.3.rel1.win32_1.0.100.202602081740/tools/bin/../lib/gcc/arm-none-eabi/14.3.1/thumb/v6-m/nofp\libgcc.a(_udivsi3.o)
                0x08000104                __aeabi_uidiv
                0x08000104                __udivsi3
                0x08000210                __aeabi_uidivmod
 .text          0x08000218      0x1d4 C:/ST/STM32CubeIDE_1.19.0/STM32CubeIDE/plugins/com.st.stm32cube.ide.mcu.externaltools.gnu-tools-for-stm32.14.3.rel1.win32_1.0.100.202602081740/tools/bin/../lib/gcc/arm-none-eabi/14.3.1/thumb/v6-m/nofp\libgcc.a(_divsi3.o)
                0x08000218                __divsi3
                0x08000218                __aeabi_idiv
                0x080003e4                __aeabi_idivmod
 .text          0x080003ec        0x4 C:/ST/STM32CubeIDE_1.19.0/STM32CubeIDE/plugins/com.st.stm32cube.ide.mcu.externaltools.gnu-tools-for-stm32.14.3.rel1.win32_1.0.100.202602081740/tools/bin/../lib/gcc/arm-none-eabi/14.3.1/thumb/v6-m/nofp\libgcc.a(_dvmd_tls.o)
                0x080003ec                __aeabi_idiv0
                0x080003ec                __aeabi_ldiv0
 .text          0x080003f0       0x74 C:/ST/STM32CubeIDE_1.19.0/STM32CubeIDE/plugins/com.st.stm32cube.ide.mcu.externaltools.gnu-tools-for-stm32.14.3.rel1.win32_1.0.100.202602081740/tools/bin/../lib/gcc/arm-none-eabi/14.3.1/thumb/v6-m/nofp\libgcc.a(_arm_cmpsf2.o)
                0x080003f0                __aeabi_cfrcmple
                0x080003f8                __aeabi_cfcmpeq
                0x080003f8                __aeabi_cfcmple
                0x08000408                __aeabi_fcmpeq
                0x08000414                __aeabi_fcmplt
                0x08000428                __aeabi_fcmple
                0x0800043c                __aeabi_fcmpgt
                0x08000450                __aeabi_fcmpge
 .text          0x08000464      0x22c C:/ST/STM32CubeIDE_1.19.0/STM32CubeIDE/plugins/com.st.stm32cube.ide.mcu.externaltools.gnu-tools-for-stm32.14.3.rel1.win32_1.0.100.202602081740/tools/bin/../lib/gcc/arm-none-eabi/14.3.1/thumb/v6-m/nofp\libgcc.a(divsf3.o)
                0x08000464                __aeabi_fdiv
 .text          0x08000690       0x50 C:/ST/STM32CubeIDE_1.19.0/STM32CubeIDE/plugins/com.st.stm32cube.ide.mcu.externaltools.gnu-tools-for-stm32.14.3.rel1.win32_1.0.100.202602081740/tools/bin/../lib/gcc/arm-none-eabi/14.3.1/thumb/v6-m/nofp\libgcc.a(eqsf2.o)
                0x08000690                __eqsf2
                0x08000690                __nesf2
 .text          0x080006e0       0x90 C:/ST/STM32CubeIDE_1.19.0/STM32CubeIDE/plugins/com.st.stm32cube.ide.mcu.externaltools.gnu-tools-for-stm32.14.3.rel1.win32_1.0.100.202602081740/tools/bin/../lib/gcc/arm-none-eabi/14.3.1/thumb/v6-m/nofp\libgcc.a(gesf2.o)
                0x080006e0                __gesf2
                0x080006e0                __gtsf2
 .text          0x08000770       0x90 C:/ST/STM32CubeIDE_1.19.0/STM32CubeIDE/plugins/com.st.stm32cube.ide.mcu.externaltools.gnu-tools-for-stm32.14.3.rel1.win32_1.0.100.202602081740/tools/bin/../lib/gcc/arm-none-eabi/14.3.1/thumb/v6-m/nofp\libgcc.a(lesf2.o)
                0x08000770                __ltsf2
                0x08000770                __lesf2
 .text          0x08000800      0x2a4 C:/ST/STM32CubeIDE_1.19.0/STM32CubeIDE/plugins/com.st.stm32cube.ide.mcu.externaltools.gnu-tools-for-stm32.14.3.rel1.win32_1.0.100.202602081740/tools/bin/../lib/gcc/arm-none-eabi/14.3.1/thumb/v6-m/nofp\libgcc.a(mulsf3.o)
                0x08000800                __aeabi_fmul
 .text          0x08000aa4      0x484 C:/ST/STM32CubeIDE_1.19.0/STM32CubeIDE/plugins/com.st.stm32cube.ide.mcu.externaltools.gnu-tools-for-stm32.14.3.rel1.win32_1.0.100.202602081740/tools/bin/../lib/gcc/arm-none-eabi/14.3.1/thumb/v6-m/nofp\libgcc.a(subsf3.o)
                0x08000aa4                __aeabi_fsub
 .text          0x08000f28       0x8c C:/ST/STM32CubeIDE_1.19.0/STM32CubeIDE/plugins/com.st.stm32cube.ide.mcu.externaltools.gnu-tools-for-stm32.14.3.rel1.win32_1.0.100.202602081740/tools/bin/../lib/gcc/arm-none-eabi/14.3.1/thumb/v6-m/nofp\libgcc.a(floatunsisf.o)
                0x08000f28                __aeabi_ui2f
 .text          0x08000fb4       0x3c C:/ST/STM32CubeIDE_1.19.0/STM32CubeIDE/plugins/com.st.stm32cube.ide.mcu.externaltools.gnu-tools-for-stm32.14.3.rel1.win32_1.0.100.202602081740/tools/bin/../lib/gcc/arm-none-eabi/14.3.1/thumb/v6-m/nofp\libgcc.a(_clzsi2.o)
                0x08000fb4                __clzsi2
 *(.text*)
 .text.SystemInit
                0x08000ff0        0xa ./Inc/myhal/ST/g0/system_stm32g0xx.o
                0x08000ff0                SystemInit
 *fill*         0x08000ffa        0x2 
 .text.getChannelNumber
                0x08000ffc       0x5c ./Inc/myhal/src/ll/g0/adc_g0.o
                0x08000ffc                getChannelNumber
 .text.ADC_WaitReady
                0x08001058       0x20 ./Inc/myhal/src/ll/g0/adc_g0.o
 .text.ADC_DisableIfEnabled
                0x08001078       0x34 ./Inc/myhal/src/ll/g0/adc_g0.o
 .text.ADC_InitMulti
                0x080010ac      0x234 ./Inc/myhal/src/ll/g0/adc_g0.o
                0x080010ac                ADC_InitMulti
 .text.ADC_Start
                0x080012e0       0x28 ./Inc/myhal/src/ll/g0/adc_g0.o
                0x080012e0                ADC_Start
 .text.DMA_GetChannelIndex
                0x08001308       0xb4 ./Inc/myhal/src/ll/g0/dma_g0.o
 .text.DMA_SetRequest
                0x080013bc       0x94 ./Inc/myhal/src/ll/g0/dma_g0.o
 .text.DMA_ClearFlags
                0x08001450       0x40 ./Inc/myhal/src/ll/g0/dma_g0.o
 .text.DMA_Init
                0x08001490       0x9c ./Inc/myhal/src/ll/g0/dma_g0.o
                0x08001490                DMA_Init
 .text.GPIO_ClockEnable
                0x0800152c       0xc8 ./Inc/myhal/src/ll/g0/gpio_g0.o
 .text.GPIO_PinMode
                0x080015f4      0x158 ./Inc/myhal/src/ll/g0/gpio_g0.o
                0x080015f4                GPIO_PinMode
 .text.GPIO_DigitalWrite
                0x0800174c       0x4c ./Inc/myhal/src/ll/g0/gpio_g0.o
                0x0800174c                GPIO_DigitalWrite
 .text.I2C_WaitWhile
                0x08001798       0x3c ./Inc/myhal/src/ll/g0/i2c_g0.o
 .text.I2C_WaitUntilAny
                0x080017d4       0x44 ./Inc/myhal/src/ll/g0/i2c_g0.o
 .text.I2C_ClearFlags
                0x08001818       0x1c ./Inc/myhal/src/ll/g0/i2c_g0.o
 .text.I2C_CheckError
                0x08001834       0x30 ./Inc/myhal/src/ll/g0/i2c_g0.o
 .text.I2C_DelaySmall
                0x08001864       0x28 ./Inc/myhal/src/ll/g0/i2c_g0.o
 .text.I2C_BusRecover
                0x0800188c      0x136 ./Inc/myhal/src/ll/g0/i2c_g0.o
 .text.I2C_GPIO_AF_Init
                0x080019c2       0x96 ./Inc/myhal/src/ll/g0/i2c_g0.o
 .text.I2C_EnableClockAndReset
                0x08001a58       0x4c ./Inc/myhal/src/ll/g0/i2c_g0.o
 .text.I2C_Init
                0x08001aa4       0x90 ./Inc/myhal/src/ll/g0/i2c_g0.o
                0x08001aa4                I2C_Init
 .text.I2C_WaitStop
                0x08001b34       0x4e ./Inc/myhal/src/ll/g0/i2c_g0.o
 *fill*         0x08001b82        0x2 
 .text.I2C_WriteRaw
                0x08001b84      0x110 ./Inc/myhal/src/ll/g0/i2c_g0.o
 .text.I2C_ReadRaw
                0x08001c94      0x110 ./Inc/myhal/src/ll/g0/i2c_g0.o
 .text.I2C_WriteRegNoStop
                0x08001da4       0xd2 ./Inc/myhal/src/ll/g0/i2c_g0.o
 *fill*         0x08001e76        0x2 
 .text.I2C_WriteByteArray
                0x08001e78       0xe0 ./Inc/myhal/src/ll/g0/i2c_g0.o
                0x08001e78                I2C_WriteByteArray
 .text.I2C_Read_Burst
                0x08001f58      0x134 ./Inc/myhal/src/ll/g0/i2c_g0.o
                0x08001f58                I2C_Read_Burst
 .text.PWM_TimerClockEnable
                0x0800208c       0x74 ./Inc/myhal/src/ll/g0/pwm_g0.o
 .text.PWM_Init
                0x08002100      0x138 ./Inc/myhal/src/ll/g0/pwm_g0.o
                0x08002100                PWM_Init
 .text.PWM_Write
                0x08002238       0xac ./Inc/myhal/src/ll/g0/pwm_g0.o
                0x08002238                PWM_Write
 .text.TIM_GetChannel
                0x080022e4       0xcc ./Inc/myhal/src/ll/g0/pwm_g0.o
                0x080022e4                TIM_GetChannel
 .text.__NVIC_EnableIRQ
                0x080023b0       0x34 ./Inc/myhal/src/ll/g0/tim_g0.o
 .text.__NVIC_SetPriority
                0x080023e4       0xdc ./Inc/myhal/src/ll/g0/tim_g0.o
 .text.SysTick_Config
                0x080024c0       0x48 ./Inc/myhal/src/ll/g0/tim_g0.o
 .text.SysTick_Init
                0x08002508       0x34 ./Inc/myhal/src/ll/g0/tim_g0.o
                0x08002508                SysTick_Init
 .text.millis   0x0800253c       0x14 ./Inc/myhal/src/ll/g0/tim_g0.o
                0x0800253c                millis
 .text.SysTick_Handler
                0x08002550       0x18 ./Inc/myhal/src/ll/g0/tim_g0.o
                0x08002550                SysTick_Handler
 .text.SysTick_Delay
                0x08002568       0x2e ./Inc/myhal/src/ll/g0/tim_g0.o
                0x08002568                SysTick_Delay
 *fill*         0x08002596        0x2 
 .text.TIM_Init
                0x08002598       0xf8 ./Inc/myhal/src/ll/g0/tim_g0.o
                0x08002598                TIM_Init
 .text.RCC_GetSysclk_Hz
                0x08002690       0xc8 ./Inc/myhal/src/ll/g0/tim_g0.o
                0x08002690                RCC_GetSysclk_Hz
 .text.RCC_GetHclk_Hz
                0x08002758       0x38 ./Inc/myhal/src/ll/g0/tim_g0.o
                0x08002758                RCC_GetHclk_Hz
 .text.USART_RXHandler_Default
                0x08002790       0x90 ./Inc/myhal/src/ll/g0/usart_g0.o
 .text.USART_TXHandler_Default
                0x08002820       0x10 ./Inc/myhal/src/ll/g0/usart_g0.o
 .text.USART1_IRQHandler
                0x08002830       0x18 ./Inc/myhal/src/ll/g0/usart_g0.o
                0x08002830                USART1_IRQHandler
 .text.USART2_LPUART2_IRQHandler
                0x08002848       0x18 ./Inc/myhal/src/ll/g0/usart_g0.o
                0x08002848                USART2_LPUART2_IRQHandler
 .text.USART_IRQHandler_Shared
                0x08002860      0x13c ./Inc/myhal/src/ll/g0/usart_g0.o
                0x08002860                USART_IRQHandler_Shared
 .text.WaitFlagSet
                0x0800299c       0x38 ./Src/activities.o
                0x0800299c                WaitFlagSet
 .text.SHT40_Read
                0x080029d4      0x124 ./Src/activities.o
                0x080029d4                SHT40_Read
 .text.STANDBY_Enter
                0x08002af8       0x5c ./Src/activities.o
                0x08002af8                STANDBY_Enter
 .text.RTC_Init_LSI_Once
                0x08002b54      0x138 ./Src/activities.o
                0x08002b54                RTC_Init_LSI_Once
 .text.RTC_WakeupSeconds
                0x08002c8c       0xfc ./Src/activities.o
                0x08002c8c                RTC_WakeupSeconds
 .text.PUMP_Off
                0x08002d88       0x1c ./Src/activities.o
                0x08002d88                PUMP_Off
 .text.PUMP_Run
                0x08002da4       0x54 ./Src/activities.o
                0x08002da4                PUMP_Run
 .text.COOLER_Off
                0x08002df8       0x1c ./Src/activities.o
                0x08002df8                COOLER_Off
 .text.COOLER_Run
                0x08002e14       0x54 ./Src/activities.o
                0x08002e14                COOLER_Run
 .text.GREENHOUSE_Init
                0x08002e68      0x118 ./Src/activities.o
                0x08002e68                GREENHOUSE_Init
 .text.GREENHOUSE_Off
                0x08002f80       0x28 ./Src/activities.o
                0x08002f80                GREENHOUSE_Off
 .text.GREENHOUSE_ReadState
                0x08002fa8       0x48 ./Src/activities.o
                0x08002fa8                GREENHOUSE_ReadState
 .text.GREENHOUSE_Watering
                0x08002ff0       0x98 ./Src/activities.o
                0x08002ff0                GREENHOUSE_Watering
 .text.GREENHOUSE_Cooling
                0x08003088       0xb8 ./Src/activities.o
                0x08003088                GREENHOUSE_Cooling
 .text.GREENHOUSE_PeripheryOn
                0x08003140        0xa ./Src/activities.o
                0x08003140                GREENHOUSE_PeripheryOn
 .text.GREENHOUSE_PeripheryOff
                0x0800314a        0xa ./Src/activities.o
                0x0800314a                GREENHOUSE_PeripheryOff
 .text.main     0x08003154       0x3c ./Src/main.o
                0x08003154                main
 .text.Reset_Handler
                0x08003190       0x50 ./Startup/startup_stm32g0b1cbtx.o
                0x08003190                Reset_Handler
 .text.Default_Handler
                0x080031e0        0x2 ./Startup/startup_stm32g0b1cbtx.o
                0x080031e0                TIM1_CC_IRQHandler
                0x080031e0                HardFault_Handler
                0x080031e0                PVD_IRQHandler
                0x080031e0                PendSV_Handler
                0x080031e0                NMI_Handler
                0x080031e0                I2C1_IRQHandler
                0x080031e0                DMA1_Channel4_5_6_7_DMAMUX_DMA2_Channel1_2_3_4_5_IRQHandler
                0x080031e0                RCC_CRS_IRQHandler
                0x080031e0                RTC_TAMP_IRQHandler
                0x080031e0                SPI1_IRQHandler
                0x080031e0                EXTI2_3_IRQHandler
                0x080031e0                TIM17_IRQHandler
                0x080031e0                TIM16_IRQHandler
                0x080031e0                EXTI4_15_IRQHandler
                0x080031e0                DMA1_Channel1_IRQHandler
                0x080031e0                Default_Handler
                0x080031e0                CEC_IRQHandler
                0x080031e0                TIM14_IRQHandler
                0x080031e0                TIM7_IRQHandler
                0x080031e0                TIM15_IRQHandler
                0x080031e0                TIM3_TIM4_IRQHandler
                0x080031e0                EXTI0_1_IRQHandler
                0x080031e0                I2C2_I2C3_IRQHandler
                0x080031e0                SVC_Handler
                0x080031e0                TIM6_DAC_LPTIM1_IRQHandler
                0x080031e0                WWDG_IRQHandler
                0x080031e0                SPI2_SPI3_IRQHandler
                0x080031e0                TIM2_IRQHandler
                0x080031e0                DMA1_Channel2_3_IRQHandler
                0x080031e0                ADC_COMP_IRQHandler
                0x080031e0                USART3_USART4_USART5_USART6_LPUART1_IRQHandler
                0x080031e0                FLASH_IRQHandler
                0x080031e0                TIM1_BRK_UP_TRG_COM_IRQHandler
                0x080031e0                UCPD1_UCPD2_USB_IRQHandler
 *fill*         0x080031e2        0x2 
 .text.__libc_init_array
                0x080031e4       0x48 C:/ST/STM32CubeIDE_1.19.0/STM32CubeIDE/plugins/com.st.stm32cube.ide.mcu.externaltools.gnu-tools-for-stm32.14.3.rel1.win32_1.0.100.202602081740/tools/bin/../lib/gcc/arm-none-eabi/14.3.1/../../../../arm-none-eabi/lib/thumb/v6-m/nofp\libc_nano.a(libc_a-init.o)
                0x080031e4                __libc_init_array
 *(.glue_7)
 .glue_7        0x0800322c        0x0 linker stubs
 *(.glue_7t)
 .glue_7t       0x0800322c        0x0 linker stubs
 *(.eh_frame)
 .eh_frame      0x0800322c        0x0 C:/ST/STM32CubeIDE_1.19.0/STM32CubeIDE/plugins/com.st.stm32cube.ide.mcu.externaltools.gnu-tools-for-stm32.14.3.rel1.win32_1.0.100.202602081740/tools/bin/../lib/gcc/arm-none-eabi/14.3.1/thumb/v6-m/nofp/crtbegin.o
 *(.init)
 .init          0x0800322c        0x4 C:/ST/STM32CubeIDE_1.19.0/STM32CubeIDE/plugins/com.st.stm32cube.ide.mcu.externaltools.gnu-tools-for-stm32.14.3.rel1.win32_1.0.100.202602081740/tools/bin/../lib/gcc/arm-none-eabi/14.3.1/thumb/v6-m/nofp/crti.o
                0x0800322c                _init
 .init          0x08003230        0x8 C:/ST/STM32CubeIDE_1.19.0/STM32CubeIDE/plugins/com.st.stm32cube.ide.mcu.externaltools.gnu-tools-for-stm32.14.3.rel1.win32_1.0.100.202602081740/tools/bin/../lib/gcc/arm-none-eabi/14.3.1/thumb/v6-m/nofp/crtn.o
 *(.fini)
 .fini          0x08003238        0x4 C:/ST/STM32CubeIDE_1.19.0/STM32CubeIDE/plugins/com.st.stm32cube.ide.mcu.externaltools.gnu-tools-for-stm32.14.3.rel1.win32_1.0.100.202602081740/tools/bin/../lib/gcc/arm-none-eabi/14.3.1/thumb/v6-m/nofp/crti.o
                0x08003238                _fini
 .fini          0x0800323c        0x8 C:/ST/STM32CubeIDE_1.19.0/STM32CubeIDE/plugins/com.st.stm32cube.ide.mcu.externaltools.gnu-tools-for-stm32.14.3.rel1.win32_1.0.100.202602081740/tools/bin/../lib/gcc/arm-none-eabi/14.3.1/thumb/v6-m/nofp/crtn.o
                0x08003244                        . = ALIGN (0x4)
                0x08003244                        _etext = .

.vfp11_veneer   0x08003244        0x0
 .vfp11_veneer  0x08003244        0x0 linker stubs

.v4_bx          0x08003244        0x0
 .v4_bx         0x08003244        0x0 linker stubs

.iplt           0x08003244        0x0
 .iplt          0x08003244        0x0 C:/ST/STM32CubeIDE_1.19.0/STM32CubeIDE/plugins/com.st.stm32cube.ide.mcu.externaltools.gnu-tools-for-stm32.14.3.rel1.win32_1.0.100.202602081740/tools/bin/../lib/gcc/arm-none-eabi/14.3.1/thumb/v6-m/nofp/crtbegin.o

.rodata         0x08003244      0x1e8
                0x08003244                        . = ALIGN (0x4)
 *(.rodata)
 .rodata        0x08003244       0x7c C:/ST/STM32CubeIDE_1.19.0/STM32CubeIDE/plugins/com.st.stm32cube.ide.mcu.externaltools.gnu-tools-for-stm32.14.3.rel1.win32_1.0.100.202602081740/tools/bin/../lib/gcc/arm-none-eabi/14.3.1/thumb/v6-m/nofp\libgcc.a(divsf3.o)
 *(.rodata*)
 .rodata.DMA_SetRequest
                0x080032c0       0x1c ./Inc/myhal/src/ll/g0/dma_g0.o
 .rodata.CCER_CCxE
                0x080032dc       0x10 ./Inc/myhal/src/ll/g0/pwm_g0.o
                0x080032dc                CCER_CCxE
 .rodata.CCMR_OCxM
                0x080032ec       0x10 ./Inc/myhal/src/ll/g0/pwm_g0.o
                0x080032ec                CCMR_OCxM
 .rodata.CCMR_OCxPos
                0x080032fc       0x10 ./Inc/myhal/src/ll/g0/pwm_g0.o
                0x080032fc                CCMR_OCxPos
 .rodata.CCMR_OCxPE
                0x0800330c       0x10 ./Inc/myhal/src/ll/g0/pwm_g0.o
                0x0800330c                CCMR_OCxPE
 .rodata.map    0x0800331c       0xf0 ./Inc/myhal/src/ll/g0/pwm_g0.o
 .rodata.ahb_shift_tbl.1
                0x0800340c       0x20 ./Inc/myhal/src/ll/g0/tim_g0.o
                0x0800342c                        . = ALIGN (0x4)

.ARM.extab      0x0800342c        0x0
                0x0800342c                        . = ALIGN (0x4)
 *(.ARM.extab* .gnu.linkonce.armextab.*)
                0x0800342c                        . = ALIGN (0x4)

.ARM            0x0800342c        0x0
                0x0800342c                        . = ALIGN (0x4)
                0x0800342c                        __exidx_start = .
 *(.ARM.exidx*)
                0x0800342c                        __exidx_end = .
                0x0800342c                        . = ALIGN (0x4)

.preinit_array  0x0800342c        0x0
                0x0800342c                        . = ALIGN (0x4)
                0x0800342c                        PROVIDE (__preinit_array_start = .)
 *(.preinit_array*)
                0x0800342c                        PROVIDE (__preinit_array_end = .)
                0x0800342c                        . = ALIGN (0x4)

.init_array     0x0800342c        0x4
                0x0800342c                        . = ALIGN (0x4)
                0x0800342c                        PROVIDE (__init_array_start = .)
 *(SORT_BY_NAME(.init_array.*))
 *(.init_array*)
 .init_array    0x0800342c        0x4 C:/ST/STM32CubeIDE_1.19.0/STM32CubeIDE/plugins/com.st.stm32cube.ide.mcu.externaltools.gnu-tools-for-stm32.14.3.rel1.win32_1.0.100.202602081740/tools/bin/../lib/gcc/arm-none-eabi/14.3.1/thumb/v6-m/nofp/crtbegin.o
                0x08003430                        PROVIDE (__init_array_end = .)
                0x08003430                        . = ALIGN (0x4)

.fini_array     0x08003430        0x4
                0x08003430                        . = ALIGN (0x4)
                [!provide]                        PROVIDE (__fini_array_start = .)
 *(SORT_BY_NAME(.fini_array.*))
 *(.fini_array*)
 .fini_array    0x08003430        0x4 C:/ST/STM32CubeIDE_1.19.0/STM32CubeIDE/plugins/com.st.stm32cube.ide.mcu.externaltools.gnu-tools-for-stm32.14.3.rel1.win32_1.0.100.202602081740/tools/bin/../lib/gcc/arm-none-eabi/14.3.1/thumb/v6-m/nofp/crtbegin.o
                [!provide]                        PROVIDE (__fini_array_end = .)
                0x08003434                        . = ALIGN (0x4)
                0x08003434                        _sidata = LOADADDR (.data)

.rel.dyn        0x08003434        0x0
 .rel.iplt      0x08003434        0x0 C:/ST/STM32CubeIDE_1.19.0/STM32CubeIDE/plugins/com.st.stm32cube.ide.mcu.externaltools.gnu-tools-for-stm32.14.3.rel1.win32_1.0.100.202602081740/tools/bin/../lib/gcc/arm-none-eabi/14.3.1/thumb/v6-m/nofp/crtbegin.o

.data           0x20000000       0xa0 load address 0x08003434
                0x20000000                        . = ALIGN (0x4)
                0x20000000                        _sdata = .
 *(.data)
 *(.data*)
 .data.huart1   0x20000000       0x14 ./Inc/myhal/src/ll/g0/usart_g0.o
 .data.huart2   0x20000014       0x14 ./Inc/myhal/src/ll/g0/usart_g0.o
 .data.SDA      0x20000028        0xc ./Src/config.o
                0x20000028                SDA
 .data.SCL      0x20000034        0xc ./Src/config.o
                0x20000034                SCL
 .data.soil0    0x20000040        0xc ./Src/config.o
                0x20000040                soil0
 .data.soil1    0x2000004c        0xc ./Src/config.o
                0x2000004c                soil1
 .data.soil2    0x20000058        0xc ./Src/config.o
                0x20000058                soil2
 .data.pump_f   0x20000064        0xc ./Src/config.o
                0x20000064                pump_f
 .data.pump     0x20000070        0xc ./Src/config.o
                0x20000070                pump
 .data.cooler   0x2000007c        0xc ./Src/config.o
                0x2000007c                cooler
 .data.power    0x20000088        0xc ./Src/config.o
                0x20000088                power
 .data.pwm_tim  0x20000094        0x4 ./Src/config.o
                0x20000094                pwm_tim
 .data.pwm_psc  0x20000098        0x4 ./Src/config.o
                0x20000098                pwm_psc
 .data.need_ADC_DMA
                0x2000009c        0x1 ./Src/config.o
                0x2000009c                need_ADC_DMA
 *(.RamFunc)
 *(.RamFunc*)
                0x200000a0                        . = ALIGN (0x4)
 *fill*         0x2000009d        0x3 
                0x200000a0                        _edata = .

.igot.plt       0x200000a0        0x0 load address 0x080034d4
 .igot.plt      0x200000a0        0x0 C:/ST/STM32CubeIDE_1.19.0/STM32CubeIDE/plugins/com.st.stm32cube.ide.mcu.externaltools.gnu-tools-for-stm32.14.3.rel1.win32_1.0.100.202602081740/tools/bin/../lib/gcc/arm-none-eabi/14.3.1/thumb/v6-m/nofp/crtbegin.o
                0x200000a0                        . = ALIGN (0x4)

.bss            0x200000a0      0x480 load address 0x080034d4
                0x200000a0                        _sbss = .
                0x200000a0                        __bss_start__ = _sbss
 *(.bss)
 .bss           0x200000a0       0x1c C:/ST/STM32CubeIDE_1.19.0/STM32CubeIDE/plugins/com.st.stm32cube.ide.mcu.externaltools.gnu-tools-for-stm32.14.3.rel1.win32_1.0.100.202602081740/tools/bin/../lib/gcc/arm-none-eabi/14.3.1/thumb/v6-m/nofp/crtbegin.o
 *(.bss*)
 .bss.msTicks   0x200000bc        0x4 ./Inc/myhal/src/ll/g0/tim_g0.o
                0x200000bc                msTicks
 .bss.rx_heads  0x200000c0        0x4 ./Inc/myhal/src/ll/g0/usart_g0.o
                0x200000c0                rx_heads
 .bss.tx_heads  0x200000c4        0x4 ./Inc/myhal/src/ll/g0/usart_g0.o
                0x200000c4                tx_heads
 .bss.rx_tails  0x200000c8        0x4 ./Inc/myhal/src/ll/g0/usart_g0.o
                0x200000c8                rx_tails
 .bss.tx_tails  0x200000cc        0x4 ./Inc/myhal/src/ll/g0/usart_g0.o
                0x200000cc                tx_tails
 .bss.usartRXBuffers
                0x200000d0      0x200 ./Inc/myhal/src/ll/g0/usart_g0.o
                0x200000d0                usartRXBuffers
 .bss.usartTXBuffers
                0x200002d0      0x200 ./Inc/myhal/src/ll/g0/usart_g0.o
                0x200002d0                usartTXBuffers
 .bss.adc_pins  0x200004d0       0x30 ./Src/config.o
                0x200004d0                adc_pins
 .bss.data      0x20000500        0x6 ./Src/config.o
                0x20000500                data
 *fill*         0x20000506        0x2 
 .bss.soil_raw  0x20000508        0x8 ./Src/config.o
                0x20000508                soil_raw
 .bss.avg_soil_h
                0x20000510        0x4 ./Src/config.o
                0x20000510                avg_soil_h
 .bss.raw_t     0x20000514        0x2 ./Src/config.o
                0x20000514                raw_t
 .bss.raw_rh    0x20000516        0x2 ./Src/config.o
                0x20000516                raw_rh
 .bss.temp      0x20000518        0x4 ./Src/config.o
                0x20000518                temp
 .bss.rh        0x2000051c        0x4 ./Src/config.o
                0x2000051c                rh
 *(COMMON)
                0x20000520                        . = ALIGN (0x4)
                0x20000520                        _ebss = .
                0x20000520                        __bss_end__ = _ebss

._user_heap_stack
                0x20000520      0x600 load address 0x080034d4
                0x20000520                        . = ALIGN (0x8)
                [!provide]                        PROVIDE (end = .)
                0x20000520                        PROVIDE (_end = .)
                0x20000720                        . = (. + _Min_Heap_Size)
 *fill*         0x20000520      0x200 
                0x20000b20                        . = (. + _Min_Stack_Size)
 *fill*         0x20000720      0x400 
                0x20000b20                        . = ALIGN (0x8)

/DISCARD/
 libc.a(*)
 libm.a(*)
 libgcc.a(*)

.ARM.attributes
                0x00000000       0x28
 *(.ARM.attributes)
 .ARM.attributes
                0x00000000       0x1e C:/ST/STM32CubeIDE_1.19.0/STM32CubeIDE/plugins/com.st.stm32cube.ide.mcu.externaltools.gnu-tools-for-stm32.14.3.rel1.win32_1.0.100.202602081740/tools/bin/../lib/gcc/arm-none-eabi/14.3.1/thumb/v6-m/nofp/crti.o
 .ARM.attributes
                0x0000001e       0x2c C:/ST/STM32CubeIDE_1.19.0/STM32CubeIDE/plugins/com.st.stm32cube.ide.mcu.externaltools.gnu-tools-for-stm32.14.3.rel1.win32_1.0.100.202602081740/tools/bin/../lib/gcc/arm-none-eabi/14.3.1/thumb/v6-m/nofp/crtbegin.o
 .ARM.attributes
                0x0000004a       0x2c ./Inc/myhal/ST/g0/system_stm32g0xx.o
 .ARM.attributes
                0x00000076       0x2c ./Inc/myhal/src/ll/g0/adc_g0.o
 .ARM.attributes
                0x000000a2       0x2c ./Inc/myhal/src/ll/g0/dma_g0.o
 .ARM.attributes
                0x000000ce       0x2c ./Inc/myhal/src/ll/g0/gpio_g0.o
 .ARM.attributes
                0x000000fa       0x2c ./Inc/myhal/src/ll/g0/i2c_g0.o
 .ARM.attributes
                0x00000126       0x2c ./Inc/myhal/src/ll/g0/pwm_g0.o
 .ARM.attributes
                0x00000152       0x2c ./Inc/myhal/src/ll/g0/tim_g0.o
 .ARM.attributes
                0x0000017e       0x2c ./Inc/myhal/src/ll/g0/usart_g0.o
 .ARM.attributes
                0x000001aa       0x2c ./Src/activities.o
 .ARM.attributes
                0x000001d6       0x2c ./Src/config.o
 .ARM.attributes
                0x00000202       0x2c ./Src/main.o
 .ARM.attributes
                0x0000022e       0x22 ./Startup/startup_stm32g0b1cbtx.o
 .ARM.attributes
                0x00000250       0x2c C:/ST/STM32CubeIDE_1.19.0/STM32CubeIDE/plugins/com.st.stm32cube.ide.mcu.externaltools.gnu-tools-for-stm32.14.3.rel1.win32_1.0.100.202602081740/tools/bin/../lib/gcc/arm-none-eabi/14.3.1/../../../../arm-none-eabi/lib/thumb/v6-m/nofp\libc_nano.a(libc_a-init.o)
 .ARM.attributes
                0x0000027c       0x1e C:/ST/STM32CubeIDE_1.19.0/STM32CubeIDE/plugins/com.st.stm32cube.ide.mcu.externaltools.gnu-tools-for-stm32.14.3.rel1.win32_1.0.100.202602081740/tools/bin/../lib/gcc/arm-none-eabi/14.3.1/thumb/v6-m/nofp\libgcc.a(_udivsi3.o)
 .ARM.attributes
                0x0000029a       0x1e C:/ST/STM32CubeIDE_1.19.0/STM32CubeIDE/plugins/com.st.stm32cube.ide.mcu.externaltools.gnu-tools-for-stm32.14.3.rel1.win32_1.0.100.202602081740/tools/bin/../lib/gcc/arm-none-eabi/14.3.1/thumb/v6-m/nofp\libgcc.a(_divsi3.o)
 .ARM.attributes
                0x000002b8       0x1e C:/ST/STM32CubeIDE_1.19.0/STM32CubeIDE/plugins/com.st.stm32cube.ide.mcu.externaltools.gnu-tools-for-stm32.14.3.rel1.win32_1.0.100.202602081740/tools/bin/../lib/gcc/arm-none-eabi/14.3.1/thumb/v6-m/nofp\libgcc.a(_dvmd_tls.o)
 .ARM.attributes
                0x000002d6       0x1e C:/ST/STM32CubeIDE_1.19.0/STM32CubeIDE/plugins/com.st.stm32cube.ide.mcu.externaltools.gnu-tools-for-stm32.14.3.rel1.win32_1.0.100.202602081740/tools/bin/../lib/gcc/arm-none-eabi/14.3.1/thumb/v6-m/nofp\libgcc.a(_arm_cmpsf2.o)
 .ARM.attributes
                0x000002f4       0x2c C:/ST/STM32CubeIDE_1.19.0/STM32CubeIDE/plugins/com.st.stm32cube.ide.mcu.externaltools.gnu-tools-for-stm32.14.3.rel1.win32_1.0.100.202602081740/tools/bin/../lib/gcc/arm-none-eabi/14.3.1/thumb/v6-m/nofp\libgcc.a(divsf3.o)
 .ARM.attributes
                0x00000320       0x2c C:/ST/STM32CubeIDE_1.19.0/STM32CubeIDE/plugins/com.st.stm32cube.ide.mcu.externaltools.gnu-tools-for-stm32.14.3.rel1.win32_1.0.100.202602081740/tools/bin/../lib/gcc/arm-none-eabi/14.3.1/thumb/v6-m/nofp\libgcc.a(eqsf2.o)
 .ARM.attributes
                0x0000034c       0x2c C:/ST/STM32CubeIDE_1.19.0/STM32CubeIDE/plugins/com.st.stm32cube.ide.mcu.externaltools.gnu-tools-for-stm32.14.3.rel1.win32_1.0.100.202602081740/tools/bin/../lib/gcc/arm-none-eabi/14.3.1/thumb/v6-m/nofp\libgcc.a(gesf2.o)
 .ARM.attributes
                0x00000378       0x2c C:/ST/STM32CubeIDE_1.19.0/STM32CubeIDE/plugins/com.st.stm32cube.ide.mcu.externaltools.gnu-tools-for-stm32.14.3.rel1.win32_1.0.100.202602081740/tools/bin/../lib/gcc/arm-none-eabi/14.3.1/thumb/v6-m/nofp\libgcc.a(lesf2.o)
 .ARM.attributes
                0x000003a4       0x2c C:/ST/STM32CubeIDE_1.19.0/STM32CubeIDE/plugins/com.st.stm32cube.ide.mcu.externaltools.gnu-tools-for-stm32.14.3.rel1.win32_1.0.100.202602081740/tools/bin/../lib/gcc/arm-none-eabi/14.3.1/thumb/v6-m/nofp\libgcc.a(mulsf3.o)
 .ARM.attributes
                0x000003d0       0x2c C:/ST/STM32CubeIDE_1.19.0/STM32CubeIDE/plugins/com.st.stm32cube.ide.mcu.externaltools.gnu-tools-for-stm32.14.3.rel1.win32_1.0.100.202602081740/tools/bin/../lib/gcc/arm-none-eabi/14.3.1/thumb/v6-m/nofp\libgcc.a(subsf3.o)
 .ARM.attributes
                0x000003fc       0x2c C:/ST/STM32CubeIDE_1.19.0/STM32CubeIDE/plugins/com.st.stm32cube.ide.mcu.externaltools.gnu-tools-for-stm32.14.3.rel1.win32_1.0.100.202602081740/tools/bin/../lib/gcc/arm-none-eabi/14.3.1/thumb/v6-m/nofp\libgcc.a(floatunsisf.o)
 .ARM.attributes
                0x00000428       0x1e C:/ST/STM32CubeIDE_1.19.0/STM32CubeIDE/plugins/com.st.stm32cube.ide.mcu.externaltools.gnu-tools-for-stm32.14.3.rel1.win32_1.0.100.202602081740/tools/bin/../lib/gcc/arm-none-eabi/14.3.1/thumb/v6-m/nofp\libgcc.a(_clzsi2.o)
 .ARM.attributes
                0x00000446       0x1e C:/ST/STM32CubeIDE_1.19.0/STM32CubeIDE/plugins/com.st.stm32cube.ide.mcu.externaltools.gnu-tools-for-stm32.14.3.rel1.win32_1.0.100.202602081740/tools/bin/../lib/gcc/arm-none-eabi/14.3.1/thumb/v6-m/nofp/crtn.o
OUTPUT(Greenhouse.elf elf32-littlearm)
LOAD linker stubs
LOAD C:/ST/STM32CubeIDE_1.19.0/STM32CubeIDE/plugins/com.st.stm32cube.ide.mcu.externaltools.gnu-tools-for-stm32.14.3.rel1.win32_1.0.100.202602081740/tools/bin/../lib/gcc/arm-none-eabi/14.3.1/../../../../arm-none-eabi/lib/thumb/v6-m/nofp\libc.a
LOAD C:/ST/STM32CubeIDE_1.19.0/STM32CubeIDE/plugins/com.st.stm32cube.ide.mcu.externaltools.gnu-tools-for-stm32.14.3.rel1.win32_1.0.100.202602081740/tools/bin/../lib/gcc/arm-none-eabi/14.3.1/../../../../arm-none-eabi/lib/thumb/v6-m/nofp\libm.a
LOAD C:/ST/STM32CubeIDE_1.19.0/STM32CubeIDE/plugins/com.st.stm32cube.ide.mcu.externaltools.gnu-tools-for-stm32.14.3.rel1.win32_1.0.100.202602081740/tools/bin/../lib/gcc/arm-none-eabi/14.3.1/thumb/v6-m/nofp\libgcc.a

.debug_info     0x00000000     0x507d
 .debug_info    0x00000000      0x2c1 ./Inc/myhal/ST/g0/system_stm32g0xx.o
 .debug_info    0x000002c1      0x568 ./Inc/myhal/src/ll/g0/adc_g0.o
 .debug_info    0x00000829      0x507 ./Inc/myhal/src/ll/g0/dma_g0.o
 .debug_info    0x00000d30      0x4fb ./Inc/myhal/src/ll/g0/gpio_g0.o
 .debug_info    0x0000122b      0x8f8 ./Inc/myhal/src/ll/g0/i2c_g0.o
 .debug_info    0x00001b23      0x6fa ./Inc/myhal/src/ll/g0/pwm_g0.o
 .debug_info    0x0000221d      0xa7d ./Inc/myhal/src/ll/g0/tim_g0.o
 .debug_info    0x00002c9a      0xdfd ./Inc/myhal/src/ll/g0/usart_g0.o
 .debug_info    0x00003a97      0xf44 ./Src/activities.o
 .debug_info    0x000049db      0x549 ./Src/config.o
 .debug_info    0x00004f24      0x129 ./Src/main.o
 .debug_info    0x0000504d       0x30 ./Startup/startup_stm32g0b1cbtx.o

.debug_abbrev   0x00000000     0x1473
 .debug_abbrev  0x00000000      0x11b ./Inc/myhal/ST/g0/system_stm32g0xx.o
 .debug_abbrev  0x0000011b      0x1b5 ./Inc/myhal/src/ll/g0/adc_g0.o
 .debug_abbrev  0x000002d0      0x1b1 ./Inc/myhal/src/ll/g0/dma_g0.o
 .debug_abbrev  0x00000481      0x1a0 ./Inc/myhal/src/ll/g0/gpio_g0.o
 .debug_abbrev  0x00000621      0x26e ./Inc/myhal/src/ll/g0/i2c_g0.o
 .debug_abbrev  0x0000088f      0x1c3 ./Inc/myhal/src/ll/g0/pwm_g0.o
 .debug_abbrev  0x00000a52      0x29e ./Inc/myhal/src/ll/g0/tim_g0.o
 .debug_abbrev  0x00000cf0      0x2d1 ./Inc/myhal/src/ll/g0/usart_g0.o
 .debug_abbrev  0x00000fc1      0x2ca ./Src/activities.o
 .debug_abbrev  0x0000128b      0x10c ./Src/config.o
 .debug_abbrev  0x00001397       0xb8 ./Src/main.o
 .debug_abbrev  0x0000144f       0x24 ./Startup/startup_stm32g0b1cbtx.o

.debug_aranges  0x00000000      0x418
 .debug_aranges
                0x00000000       0x28 ./Inc/myhal/ST/g0/system_stm32g0xx.o
 .debug_aranges
                0x00000028       0x40 ./Inc/myhal/src/ll/g0/adc_g0.o
 .debug_aranges
                0x00000068       0x50 ./Inc/myhal/src/ll/g0/dma_g0.o
 .debug_aranges
                0x000000b8       0x50 ./Inc/myhal/src/ll/g0/gpio_g0.o
 .debug_aranges
                0x00000108       0xa8 ./Inc/myhal/src/ll/g0/i2c_g0.o
 .debug_aranges
                0x000001b0       0x38 ./Inc/myhal/src/ll/g0/pwm_g0.o
 .debug_aranges
                0x000001e8       0x98 ./Inc/myhal/src/ll/g0/tim_g0.o
 .debug_aranges
                0x00000280       0x98 ./Inc/myhal/src/ll/g0/usart_g0.o
 .debug_aranges
                0x00000318       0xa0 ./Src/activities.o
 .debug_aranges
                0x000003b8       0x18 ./Src/config.o
 .debug_aranges
                0x000003d0       0x20 ./Src/main.o
 .debug_aranges
                0x000003f0       0x28 ./Startup/startup_stm32g0b1cbtx.o

.debug_rnglists
                0x00000000      0x316
 .debug_rnglists
                0x00000000       0x1a ./Inc/myhal/ST/g0/system_stm32g0xx.o
 .debug_rnglists
                0x0000001a       0x2c ./Inc/myhal/src/ll/g0/adc_g0.o
 .debug_rnglists
                0x00000046       0x3a ./Inc/myhal/src/ll/g0/dma_g0.o
 .debug_rnglists
                0x00000080       0x3a ./Inc/myhal/src/ll/g0/gpio_g0.o
 .debug_rnglists
                0x000000ba       0x81 ./Inc/myhal/src/ll/g0/i2c_g0.o
 .debug_rnglists
                0x0000013b       0x28 ./Inc/myhal/src/ll/g0/pwm_g0.o
 .debug_rnglists
                0x00000163       0x70 ./Inc/myhal/src/ll/g0/tim_g0.o
 .debug_rnglists
                0x000001d3       0x9e ./Inc/myhal/src/ll/g0/usart_g0.o
 .debug_rnglists
                0x00000271       0x79 ./Src/activities.o
 .debug_rnglists
                0x000002ea       0x13 ./Src/main.o
 .debug_rnglists
                0x000002fd       0x19 ./Startup/startup_stm32g0b1cbtx.o

.debug_macro    0x00000000      0xc5c
 .debug_macro   0x00000000       0xcc ./Inc/myhal/ST/g0/system_stm32g0xx.o
 .debug_macro   0x000000cc       0xf3 ./Inc/myhal/src/ll/g0/adc_g0.o
 .debug_macro   0x000001bf       0xfa ./Inc/myhal/src/ll/g0/dma_g0.o
 .debug_macro   0x000002b9       0xea ./Inc/myhal/src/ll/g0/gpio_g0.o
 .debug_macro   0x000003a3      0x10e ./Inc/myhal/src/ll/g0/i2c_g0.o
 .debug_macro   0x000004b1      0x108 ./Inc/myhal/src/ll/g0/pwm_g0.o
 .debug_macro   0x000005b9       0xe5 ./Inc/myhal/src/ll/g0/tim_g0.o
 .debug_macro   0x0000069e      0x1d7 ./Inc/myhal/src/ll/g0/usart_g0.o
 .debug_macro   0x00000875      0x13f ./Src/activities.o
 .debug_macro   0x000009b4       0x34 ./Src/activities.o
 .debug_macro   0x000009e8      0x135 ./Src/config.o
 .debug_macro   0x00000b1d      0x13f ./Src/main.o

.debug_line     0x00000000     0x5482
 .debug_line    0x00000000      0x583 ./Inc/myhal/ST/g0/system_stm32g0xx.o
 .debug_line    0x00000583      0x72d ./Inc/myhal/src/ll/g0/adc_g0.o
 .debug_line    0x00000cb0      0x693 ./Inc/myhal/src/ll/g0/dma_g0.o
 .debug_line    0x00001343      0x75b ./Inc/myhal/src/ll/g0/gpio_g0.o
 .debug_line    0x00001a9e      0xaf5 ./Inc/myhal/src/ll/g0/i2c_g0.o
 .debug_line    0x00002593      0x6ec ./Inc/myhal/src/ll/g0/pwm_g0.o
 .debug_line    0x00002c7f      0x869 ./Inc/myhal/src/ll/g0/tim_g0.o
 .debug_line    0x000034e8      0xb17 ./Inc/myhal/src/ll/g0/usart_g0.o
 .debug_line    0x00003fff      0x98a ./Src/activities.o
 .debug_line    0x00004989      0x51c ./Src/config.o
 .debug_line    0x00004ea5      0x562 ./Src/main.o
 .debug_line    0x00005407       0x7b ./Startup/startup_stm32g0b1cbtx.o

.debug_str      0x00000000    0x645b0
 .debug_str     0x00000000    0x645b0 ./Inc/myhal/ST/g0/system_stm32g0xx.o
                              0x5fa1d (size before relaxing)
 .debug_str     0x000645b0    0x5ff97 ./Inc/myhal/src/ll/g0/adc_g0.o
 .debug_str     0x000645b0    0x5ffb7 ./Inc/myhal/src/ll/g0/dma_g0.o
 .debug_str     0x000645b0    0x5ff44 ./Inc/myhal/src/ll/g0/gpio_g0.o
 .debug_str     0x000645b0    0x60112 ./Inc/myhal/src/ll/g0/i2c_g0.o
 .debug_str     0x000645b0    0x5ffd4 ./Inc/myhal/src/ll/g0/pwm_g0.o
 .debug_str     0x000645b0    0x6021b ./Inc/myhal/src/ll/g0/tim_g0.o
 .debug_str     0x000645b0    0x63bd3 ./Inc/myhal/src/ll/g0/usart_g0.o
 .debug_str     0x000645b0    0x6046a ./Src/activities.o
 .debug_str     0x000645b0    0x5ffa1 ./Src/config.o
 .debug_str     0x000645b0    0x5fef5 ./Src/main.o
 .debug_str     0x000645b0       0x6b ./Startup/startup_stm32g0b1cbtx.o

.comment        0x00000000       0x43
 .comment       0x00000000       0x43 ./Inc/myhal/ST/g0/system_stm32g0xx.o
                                 0x44 (size before relaxing)
 .comment       0x00000043       0x44 ./Inc/myhal/src/ll/g0/adc_g0.o
 .comment       0x00000043       0x44 ./Inc/myhal/src/ll/g0/dma_g0.o
 .comment       0x00000043       0x44 ./Inc/myhal/src/ll/g0/gpio_g0.o
 .comment       0x00000043       0x44 ./Inc/myhal/src/ll/g0/i2c_g0.o
 .comment       0x00000043       0x44 ./Inc/myhal/src/ll/g0/pwm_g0.o
 .comment       0x00000043       0x44 ./Inc/myhal/src/ll/g0/tim_g0.o
 .comment       0x00000043       0x44 ./Inc/myhal/src/ll/g0/usart_g0.o
 .comment       0x00000043       0x44 ./Src/activities.o
 .comment       0x00000043       0x44 ./Src/config.o
 .comment       0x00000043       0x44 ./Src/main.o

.debug_frame    0x00000000      0xde4
 .debug_frame   0x00000000       0x4c ./Inc/myhal/ST/g0/system_stm32g0xx.o
 .debug_frame   0x0000004c       0xa8 ./Inc/myhal/src/ll/g0/adc_g0.o
 .debug_frame   0x000000f4       0xf0 ./Inc/myhal/src/ll/g0/dma_g0.o
 .debug_frame   0x000001e4       0xf0 ./Inc/myhal/src/ll/g0/gpio_g0.o
 .debug_frame   0x000002d4      0x260 ./Inc/myhal/src/ll/g0/i2c_g0.o
 .debug_frame   0x00000534       0x94 ./Inc/myhal/src/ll/g0/pwm_g0.o
 .debug_frame   0x000005c8      0x200 ./Inc/myhal/src/ll/g0/tim_g0.o
 .debug_frame   0x000007c8      0x220 ./Inc/myhal/src/ll/g0/usart_g0.o
 .debug_frame   0x000009e8      0x210 ./Src/activities.o
 .debug_frame   0x00000bf8       0x2c ./Src/main.o
 .debug_frame   0x00000c24       0x2c C:/ST/STM32CubeIDE_1.19.0/STM32CubeIDE/plugins/com.st.stm32cube.ide.mcu.externaltools.gnu-tools-for-stm32.14.3.rel1.win32_1.0.100.202602081740/tools/bin/../lib/gcc/arm-none-eabi/14.3.1/../../../../arm-none-eabi/lib/thumb/v6-m/nofp\libc_nano.a(libc_a-init.o)
 .debug_frame   0x00000c50       0x20 C:/ST/STM32CubeIDE_1.19.0/STM32CubeIDE/plugins/com.st.stm32cube.ide.mcu.externaltools.gnu-tools-for-stm32.14.3.rel1.win32_1.0.100.202602081740/tools/bin/../lib/gcc/arm-none-eabi/14.3.1/thumb/v6-m/nofp\libgcc.a(_udivsi3.o)
 .debug_frame   0x00000c70       0x20 C:/ST/STM32CubeIDE_1.19.0/STM32CubeIDE/plugins/com.st.stm32cube.ide.mcu.externaltools.gnu-tools-for-stm32.14.3.rel1.win32_1.0.100.202602081740/tools/bin/../lib/gcc/arm-none-eabi/14.3.1/thumb/v6-m/nofp\libgcc.a(_divsi3.o)
 .debug_frame   0x00000c90       0x38 C:/ST/STM32CubeIDE_1.19.0/STM32CubeIDE/plugins/com.st.stm32cube.ide.mcu.externaltools.gnu-tools-for-stm32.14.3.rel1.win32_1.0.100.202602081740/tools/bin/../lib/gcc/arm-none-eabi/14.3.1/thumb/v6-m/nofp\libgcc.a(divsf3.o)
 .debug_frame   0x00000cc8       0x2c C:/ST/STM32CubeIDE_1.19.0/STM32CubeIDE/plugins/com.st.stm32cube.ide.mcu.externaltools.gnu-tools-for-stm32.14.3.rel1.win32_1.0.100.202602081740/tools/bin/../lib/gcc/arm-none-eabi/14.3.1/thumb/v6-m/nofp\libgcc.a(eqsf2.o)
 .debug_frame   0x00000cf4       0x2c C:/ST/STM32CubeIDE_1.19.0/STM32CubeIDE/plugins/com.st.stm32cube.ide.mcu.externaltools.gnu-tools-for-stm32.14.3.rel1.win32_1.0.100.202602081740/tools/bin/../lib/gcc/arm-none-eabi/14.3.1/thumb/v6-m/nofp\libgcc.a(gesf2.o)
 .debug_frame   0x00000d20       0x2c C:/ST/STM32CubeIDE_1.19.0/STM32CubeIDE/plugins/com.st.stm32cube.ide.mcu.externaltools.gnu-tools-for-stm32.14.3.rel1.win32_1.0.100.202602081740/tools/bin/../lib/gcc/arm-none-eabi/14.3.1/thumb/v6-m/nofp\libgcc.a(lesf2.o)
 .debug_frame   0x00000d4c       0x38 C:/ST/STM32CubeIDE_1.19.0/STM32CubeIDE/plugins/com.st.stm32cube.ide.mcu.externaltools.gnu-tools-for-stm32.14.3.rel1.win32_1.0.100.202602081740/tools/bin/../lib/gcc/arm-none-eabi/14.3.1/thumb/v6-m/nofp\libgcc.a(mulsf3.o)
 .debug_frame   0x00000d84       0x38 C:/ST/STM32CubeIDE_1.19.0/STM32CubeIDE/plugins/com.st.stm32cube.ide.mcu.externaltools.gnu-tools-for-stm32.14.3.rel1.win32_1.0.100.202602081740/tools/bin/../lib/gcc/arm-none-eabi/14.3.1/thumb/v6-m/nofp\libgcc.a(subsf3.o)
 .debug_frame   0x00000dbc       0x28 C:/ST/STM32CubeIDE_1.19.0/STM32CubeIDE/plugins/com.st.stm32cube.ide.mcu.externaltools.gnu-tools-for-stm32.14.3.rel1.win32_1.0.100.202602081740/tools/bin/../lib/gcc/arm-none-eabi/14.3.1/thumb/v6-m/nofp\libgcc.a(floatunsisf.o)

.debug_line_str
                0x00000000       0x4f
 .debug_line_str
                0x00000000       0x4f ./Startup/startup_stm32g0b1cbtx.o
